Archive member included to satisfy reference by file (symbol)

./build/open_esplibs_libmain.a(user_interface.o)
                              (--whole-archive)
./build/open_esplibs_libmain.a(ets_timer.o)
                              (--whole-archive)
./build/open_esplibs_libmain.a(spi_flash.o)
                              (--whole-archive)
./build/open_esplibs_libmain.a(os_cpu_a.o)
                              (--whole-archive)
./build/open_esplibs_libmain.a(uart.o)
                              (--whole-archive)
./build/open_esplibs_libmain.a(misc.o)
                              (--whole-archive)
./build/open_esplibs_libmain.a(timers.o)
                              (--whole-archive)
./build/open_esplibs_libmain.a(xtensa_context.o)
                              (--whole-archive)
./build/open_esplibs_libnet80211.a(ieee80211_hostap.o)
                              (--whole-archive)
./build/open_esplibs_libnet80211.a(wl_cnx.o)
                              (--whole-archive)
./build/open_esplibs_libnet80211.a(ieee80211_ets.o)
                              (--whole-archive)
./build/open_esplibs_libnet80211.a(ieee80211_input.o)
                              (--whole-archive)
./build/open_esplibs_libnet80211.a(ieee80211_sta.o)
                              (--whole-archive)
./build/open_esplibs_libphy.a(phy_chip_v6.o)
                              (--whole-archive)
./build/open_esplibs_libphy.a(phy.o)
                              (--whole-archive)
./build/open_esplibs_libphy.a(phy_sleep.o)
                              (--whole-archive)
./build/open_esplibs_libpp.a(pm.o)
                              (--whole-archive)
./build/open_esplibs_libpp.a(if_hwctrl.o)
                              (--whole-archive)
./build/open_esplibs_libpp.a(pp.o)
                              (--whole-archive)
./build/open_esplibs_libpp.a(esf_buf.o)
                              (--whole-archive)
./build/open_esplibs_libpp.a(lmac.o)
                              (--whole-archive)
./build/open_esplibs_libpp.a(wdev.o)
                              (--whole-archive)
./build/open_esplibs_libwpa.a(os_xtensa.o)
                              (--whole-archive)
./build/open_esplibs_libwpa.a(wpa_main.o)
                              (--whole-archive)
./build/freertos.a(tasks.o)   ./build/open_esplibs_libmain.a(os_cpu_a.o) (pxCurrentTCB)
./build/freertos.a(timers.o)  ./build/freertos.a(tasks.o) (xTimerCreateTimerTask)
./build/freertos.a(port.o)    ./build/freertos.a(tasks.o) (vAssertCalled)
./build/freertos.a(queue.o)   ./build/freertos.a(timers.o) (xQueueGenericCreate)
./build/freertos.a(list.o)    ./build/freertos.a(tasks.o) (vListInitialise)
./build/lwip.a(sys_arch.o)    ./build/open_esplibs_libmain.a(user_interface.o) (sys_lock_tcpip_core)
./build/lwip.a(esp_interface.o)
                              ./build/open_esplibs_libnet80211.a(ieee80211_input.o) (ethernetif_input)
./build/lwip.a(tcpip.o)       ./build/open_esplibs_libnet80211.a(ieee80211_hostap.o) (tcpip_input)
./build/lwip.a(mem.o)         ./build/lwip.a(tcpip.o) (mem_free)
./build/lwip.a(init.o)        ./build/lwip.a(tcpip.o) (lwip_init)
./build/lwip.a(memp.o)        ./build/lwip.a(init.o) (memp_init)
./build/lwip.a(tcp.o)         ./build/lwip.a(init.o) (tcp_init)
./build/lwip.a(timeouts.o)    ./build/lwip.a(init.o) (sys_timeouts_init)
./build/lwip.a(dns.o)         ./build/lwip.a(init.o) (dns_init)
./build/lwip.a(def.o)         ./build/lwip.a(esp_interface.o) (lwip_htons)
./build/lwip.a(tcp_in.o)      ./build/lwip.a(tcp.o) (tcp_input_pcb)
./build/lwip.a(pbuf.o)        ./build/open_esplibs_libnet80211.a(ieee80211_input.o) (pbuf_alloc_reference)
./build/lwip.a(netif.o)       ./build/lwip.a(init.o) (netif_init)
./build/lwip.a(inet_chksum.o)
                              ./build/lwip.a(tcp_in.o) (ip_chksum_pseudo)
./build/lwip.a(udp.o)         ./build/lwip.a(init.o) (udp_init)
./build/lwip.a(tcp_out.o)     ./build/lwip.a(tcp.o) (tcp_split_unsent_seg)
./build/lwip.a(ip4_frag.o)    ./build/lwip.a(timeouts.o) (ip_reass_tmr)
./build/lwip.a(dhcp.o)        ./build/lwip.a(netif.o) (dhcp_network_changed)
./build/lwip.a(etharp.o)      ./build/lwip.a(netif.o) (etharp_cleanup_netif)
./build/lwip.a(ip4_addr.o)    ./build/lwip.a(tcp_in.o) (ip4_addr_isbroadcast_u32)
./build/lwip.a(igmp.o)        ./build/lwip.a(init.o) (igmp_init)
./build/lwip.a(ip4.o)         ./build/lwip.a(tcp.o) (ip4_route)
./build/lwip.a(icmp.o)        ./build/lwip.a(ip4.o) (icmp_input)
./build/lwip.a(ethernet.o)    ./build/lwip.a(etharp.o) (ethbroadcast)
./build/lwip.a(ip.o)          ./build/lwip.a(tcp_in.o) (ip_data)
./build/core.a(esp_interrupts.o)
                              ./build/open_esplibs_libmain.a(ets_timer.o) (_xt_isr_attach)
./build/core.a(app_main.o)    ./build/open_esplibs_libmain.a(user_interface.o) (sdk_user_init_flag)
./build/core.a(sdk_compat.o)  ./build/open_esplibs_libnet80211.a(ieee80211_hostap.o) (zalloc)
./build/core.a(sysparam.o)    ./build/core.a(app_main.o) (sysparam_init)
[...]
Memory Configuration

Name             Origin             Length             Attributes
dport0_0_seg     0x3ff00000         0x00000010
dram0_0_seg      0x3ffe8000         0x00014000
iram1_0_seg      0x40100000         0x00008000
irom0_0_seg      0x40202010         0x000fdff0
*default*        0x00000000         0xffffffff

Linker script and memory map

LOAD ./build/open_esplibs_libmain.a
LOAD ./build/open_esplibs_libnet80211.a
LOAD ./build/open_esplibs_libphy.a
LOAD ./build/open_esplibs_libpp.a
LOAD ./build/open_esplibs_libwpa.a
START GROUP
LOAD ./build/program.a
LOAD ./build/i2c.a
LOAD ./build/bmp280.a
LOAD ./build/paho_mqtt_c.a
LOAD ./build/freertos.a
LOAD ./build/lwip.a
LOAD ./build/core.a
LOAD ./build/open_esplibs.a
LOAD ./build/libgcc.a
LOAD ./build/libc.a
LOAD /home/bso/esp-open-sdk/xtensa-lx106-elf/xtensa-lx106-elf/sysroot/usr/lib/libhal.a
LOAD ./build/sdklib/libmain.a
LOAD ./build/sdklib/libnet80211.a
LOAD ./build/sdklib/libphy.a
LOAD ./build/sdklib/libpp.a
LOAD ./build/sdklib/libwpa.a
END GROUP
                0x401058d8                pvPortMalloc = malloc
                0x401058f4                vPortFree = free
                0x40105bf0                ets_printf = printf
                [!provide]                PROVIDE (_memmap_vecbase_reset, 0x40000000)
                0x00000110                _memmap_cacheattr_wb_base = 0x110
                0x00000110                _memmap_cacheattr_wt_base = 0x110
                0x00000220                _memmap_cacheattr_bp_base = 0x220
                0xfffff00f                _memmap_cacheattr_unused_mask = 0xfffff00f
                0x2222211f                _memmap_cacheattr_wb_trapnull = 0x2222211f
                0x2222211f                _memmap_cacheattr_wba_trapnull = 0x2222211f
                0x2222211f                _memmap_cacheattr_wbna_trapnull = 0x2222211f
                0x2222211f                _memmap_cacheattr_wt_trapnull = 0x2222211f
                0x2222222f                _memmap_cacheattr_bp_trapnull = 0x2222222f
                0xfffff11f                _memmap_cacheattr_wb_strict = 0xfffff11f
                0xfffff11f                _memmap_cacheattr_wt_strict = 0xfffff11f
                0xfffff22f                _memmap_cacheattr_bp_strict = 0xfffff22f
                0x22222112                _memmap_cacheattr_wb_allvalid = 0x22222112
                0x22222112                _memmap_cacheattr_wt_allvalid = 0x22222112
                0x22222222                _memmap_cacheattr_bp_allvalid = 0x22222222
                [!provide]                PROVIDE (_memmap_cacheattr_reset, _memmap_cacheattr_wb_trapnull)

.dport0.rodata  0x3ff00000        0x0
                0x3ff00000                _dport0_rodata_start = ABSOLUTE (.)
 *(.dport0.rodata)
 *(.dport.rodata)
                0x3ff00000                _dport0_rodata_end = ABSOLUTE (.)

.dport0.literal
                0x3ff00000        0x0
                0x3ff00000                _dport0_literal_start = ABSOLUTE (.)
 *(.dport0.literal)
 *(.dport.literal)
                0x3ff00000                _dport0_literal_end = ABSOLUTE (.)

.dport0.data    0x3ff00000        0x0
                0x3ff00000                _dport0_data_start = ABSOLUTE (.)
 *(.dport0.data)
 *(.dport.data)
                0x3ff00000                _dport0_data_end = ABSOLUTE (.)

.text           0x40100000     0x6aa6
                0x40100000                _stext = .
                0x40100000                _text_start = ABSOLUTE (.)
                0x40100000                . = ALIGN (0x10)
 *(.vecbase.text)
 .vecbase.text  0x40100000      0x3b2 ./build/core.a(exception_vectors.o)
                0x40100000                VecBase
                0x4010023c                call_user_start
                0x4010039e                _xt_user_exit
 *(.entry.text)
 *(.init.literal)
 *(.init)
 *(.iram1.*)
 *fill*         0x401003b2        0x2 
 .iram1.text    0x401003b4      0x1d9 ./build/open_esplibs_libmain.a(user_interface.o)
                                0x1e8 (size before relaxing)
                0x401003b8                sdk_system_rtc_mem_write
                0x4010041c                sdk_system_rtc_mem_read
                0x4010049c                sdk_system_restart_in_nmi
 *fill*         0x4010058d        0x3 
 .iram1.text    0x40100590       0x4b ./build/open_esplibs_libmain.a(ets_timer.o)
                                 0x4f (size before relaxing)
 *fill*         0x401005db        0x1 
 .iram1.text    0x401005dc      0x39c ./build/open_esplibs_libmain.a(spi_flash.o)
                                0x478 (size before relaxing)
                0x40100600                sdk_SPIReadModeCnfig
                0x40100680                sdk_SPIWrite
                0x40100740                sdk_SPIRead
                0x40100770                sdk_SPIEraseSector
                0x401007c8                sdk_spi_flash_get_id
                0x40100824                sdk_spi_flash_read_status
                0x40100864                sdk_spi_flash_write_status
                0x401008a0                sdk_spi_flash_erase_sector
                0x401008d4                sdk_spi_flash_write
                0x40100924                sdk_spi_flash_read
 .iram1.text    0x40100978      0x129 ./build/open_esplibs_libmain.a(os_cpu_a.o)
                                0x175 (size before relaxing)
                0x40100978                vPortYield
                0x401009b0                sdk__xt_int_enter
                0x401009c8                sdk__xt_int_exit
                0x401009f8                sdk__xt_timer_int
                0x40100a34                sdk__xt_timer_int1
                0x40100a48                sdk__xt_tick_timer_init
                0x40100a74                sdk__xt_isr_unmask
                0x40100a84                sdk__xt_isr_mask
                0x40100a94                sdk__xt_read_ints
                0x40100a9c                sdk__xt_clear_ints
 *fill*         0x40100aa1        0x3 
 .iram1.text    0x40100aa4        0xb ./build/open_esplibs_libmain.a(misc.o)
                0x40100aa8                sdk_os_get_cpu_frequency
 *fill*         0x40100aaf        0x1 
 .iram1.text    0x40100ab0      0x1c2 ./build/open_esplibs_libnet80211.a(ieee80211_hostap.o)
                                0x1d6 (size before relaxing)
 *fill*         0x40100c72        0x2 
 .iram1.text    0x40100c74       0x59 ./build/open_esplibs_libnet80211.a(ieee80211_input.o)
                0x40100c80                sdk_ieee80211_deliver_data
 *fill*         0x40100ccd        0x3 
 .iram1.text    0x40100cd0       0x5c ./build/open_esplibs_libwpa.a(os_xtensa.o)
                                 0x68 (size before relaxing)
                0x40100cd0                sdk_os_get_time
                0x40100cd4                sdk_os_random
                0x40100ce4                sdk_os_get_random
 .iram1.text    0x40100d2c       0xdb ./build/freertos.a(port.o)
                                0x103 (size before relaxing)
                0x40100d34                SV_ISR
                0x40100d7c                vPortEnterCritical
                0x40100da4                vPortExitCritical
                0x40100dd0                PendSV
 *fill*         0x40100e07        0x1 
 .iram1.text    0x40100e08       0xaa ./build/core.a(esp_interrupts.o)
                                 0xae (size before relaxing)
                0x40100e0c                _xt_isr_attach
                0x40100e20                _xt_isr_handler
 *fill*         0x40100eb2        0x2 
 .iram1.text    0x40100eb4      0x313 ./build/core.a(app_main.o)
                                0x363 (size before relaxing)
                0x40100edc                vApplicationStackOverflowHook
                0x40100f08                vApplicationIdleHook
                0x40100f2c                vApplicationTickHook
                0x40100fb0                sdk_user_start
 *fill*         0x401011c7        0x1 
 .iram1.text    0x401011c8       0x1b ./build/core.a(sdk_compat.o)
                0x401011cc                zalloc
 *fill*         0x401011e3        0x1 
 .iram1.text    0x401011e4        0xe ./build/core.a(esp_hwrand.o)
                                 0x12 (size before relaxing)
                0x401011e4                hwrand
 *fill*         0x401011f2        0x2 
 .iram1.text    0x401011f4       0x34 ./build/core.a(newlib_syscalls.o)
                0x40101200                _sbrk_r
 .iram1.text    0x40101228       0xa0 ./build/core.a(debug_dumps.o)
                                 0xb8 (size before relaxing)
                0x40101288                debug_exception_handler
                0x40101288                fatal_exception_handler
                0x401012a8                abort
 .iram1.text    0x401012c8       0x67 ./build/core.a(spiflash-cache-enable.o)
                                 0x7b (size before relaxing)
                0x401012d8                Cache_Read_Enable
 *fill*         0x4010132f        0x1 
 .iram1.text    0x40101330      0x36b ./build/core.a(spiflash.o)
                                0x41b (size before relaxing)
                0x40101454                spiflash_write
                0x40101530                spiflash_read
                0x40101628                spiflash_erase_sector
 *fill*         0x4010169b        0x1 
 .iram1.text    0x4010169c       0x26 ./build/core.a(esp_iomux.o)
                0x401016a0                gpio_to_iomux
                0x401016b4                iomux_to_gpio
 *fill*         0x401016c2        0x0 
 *fill*         0x401016c2        0x0 
 *fill*         0x401016c2        0x0 
 *fill*         0x401016c2        0x2 
 .iram1.text    0x401016c4       0x3d ./build/open_esplibs_libmain.a(xtensa_context.o)
                0x401016c4                sdk__xt_context_save
                0x401016e0                sdk__xt_context_restore
 *fill*         0x40101701        0x0 
 *fill*         0x40101701        0x0 
 *fill*         0x40101701        0x0 
 *fill*         0x40101701        0x0 
 *fill*         0x40101701        0x0 
 *fill*         0x40101701        0x0 
 *fill*         0x40101701        0x0 
 *fill*         0x40101701        0x3 
 .iram1.data    0x40101704        0x4 ./build/core.a(debug_dumps.o)
 *fill*         0x40101708        0x0 
 *fill*         0x40101708        0x0 
 *fill*         0x40101708        0x0 
 .iram1.data    0x40101708       0x80 ./build/core.a(esp_iomux.o)
 *sdklib*:*(.literal .text .literal.* .text.*)
 .text          0x40101788        0xb ./build/sdklib/libnet80211.a(wl_chm.o)
                0x4010178c                sdk_chm_get_current_channel
 *fill*         0x40101793        0x1 
 .text          0x40101794       0x4f ./build/sdklib/libphy.a(phy.o)
                                 0x53 (size before relaxing)
                0x4010179c                sdk_register_phy_ops
                0x401017bc                sdk_phy_change_channel
                0x401017d8                sdk_phy_get_mactime
 *fill*         0x401017e3        0x1 
 .text          0x401017e4       0xf7 ./build/sdklib/libphy.a(phy_sleep.o)
                                0x103 (size before relaxing)
                0x401017f4                sdk_pm_rtc_clock_cali
                0x401018b0                sdk_clockgate_watchdog
 *fill*         0x401018db        0x1 
 .text          0x401018dc       0x94 ./build/sdklib/libpp.a(esf_buf.o)
                                 0xb4 (size before relaxing)
                0x401018e0                sdk_esf_rx_buf_alloc
 .text          0x40101970     0x14e0 ./build/sdklib/libpp.a(lmac.o)
                               0x187c (size before relaxing)
                0x40101974                sdk_lmacIsActive
                0x40101988                sdk_lmacIsIdle
                0x40101dd0                sdk_lmacSetAcParam
                0x40101e6c                sdk_lmacProcessTXStartData
                0x40102014                sdk_lmacProcessTxSuccess
                0x4010215c                sdk_GetAccess
                0x40102168                sdk_lmacDiscardAgedMSDU
                0x4010217c                sdk_lmacRecycleMPDU
                0x4010265c                sdk_lmacProcessCollisions
                0x401026b8                sdk_lmacProcessCollision
                0x4010273c                sdk_lmacMSDUAged
                0x40102ac0                sdk_lmacProcessCtsTimeout
                0x40102b08                sdk_lmacProcessAckTimeout
                0x40102b5c                sdk_lmacProcessRtsStart
                0x40102b68                sdk_lmacProcessTxRtsError
                0x40102c00                sdk_lmacProcessTxError
                0x40102c84                sdk_lmacTxFrame
                0x40102e38                sdk_lmacRxDone
 .text          0x40102e50      0xe70 ./build/sdklib/libpp.a(pp.o)
                               0x103c (size before relaxing)
                0x40102e80                sdk_pp_soft_wdt_feed
                0x40102f94                sdk_ppProcessTxQ
                0x40103084                sdk_ppFetchTxQFirstAvail
                0x401030c4                sdk_ppDequeueTxQ
                0x401030ec                sdk_ppRollBackTxQ
                0x40103110                sdk_ppRecordBarRRC
                0x40103120                sdk_ppTxqUpdateBitmap
                0x40103144                sdk_ppEnqueueTxDone
                0x40103178                sdk_ppEnqueueRxq
                0x40103940                sdk_ppDiscardMPDU
                0x40103974                sdk_MacIsrSigPostDefHdl
                0x40103a68                sdk_pp_post
                0x40103b6c                sdk_ppCalTxop
                0x40103c50                sdk_ppCalFrameTimes
 .text          0x40103cc0       0xf5 ./build/sdklib/libpp.a(rate_control.o)
                                0x109 (size before relaxing)
                0x40103ce0                sdk_RC_GetAckRate
                0x40103cec                sdk_RC_GetRtsRate
                0x40103cfc                sdk_RC_GetAckTime
                0x40103d10                sdk_RC_GetCtsTime
                0x40103d48                sdk_RC_GetBlockAckTime
 *fill*         0x40103db5        0x3 
 .text          0x40103db8      0x7f9 ./build/sdklib/libpp.a(trc.o)
                                0x81d (size before relaxing)
                0x40103f30                sdk_rcUpdateTxDone
                0x40103fc4                sdk_rcUpdateRxDone
                0x40104020                sdk_rcUpdateDataRxDone
                0x40104038                sdk_rcGetSched
                0x401040e0                sdk_rcGetRate
                0x401044e4                sdk_rcReachRetryLimit
                0x401044fc                sdk_trc_NeedRTS
 *fill*         0x401045b1        0x3 
 .text          0x401045b4     0x1163 ./build/sdklib/libpp.a(wdev.o)
                               0x1473 (size before relaxing)
                0x40104908                sdk_wDev_MacTimSetFunc
                0x40104928                sdk_wDev_MacTimArm
                0x401049cc                sdk_wDev_MacTim1Arm
                0x40104aa8                sdk_wDev_ProcessFiq
                0x40104e4c                sdk_wDev_EnableTransmit
                0x40104e90                sdk_wDev_DisableTransmit
                0x40104eb0                sdk_Tx_Copy2Queue
                0x40104ef8                sdk_wDev_ProcessCollision
                0x40104f1c                sdk_wDev_GetTxqCollisions
                0x40104f2c                sdk_wDev_ClearTxqCollisions
                0x40104f44                sdk_wDev_SetWaitingQueue
                0x40104f90                sdk_wDev_ClearWaitingQueue
                0x40104fb0                sdk_wDev_SetFrameAckType
                0x40105014                sdk_wDev_AppendRxBlocks
                0x401051bc                sdk_wDev_AppendRxAmpduLensBlocks
                0x401052f4                sdk_wDev_GetBAInfo
 *fill*         0x40105717        0x1 
 .text          0x40105718       0x25 ./build/sdklib/libnet80211.a(ieee80211_hostap.o)
 *fill*         0x4010573d        0x0 
 *fill*         0x4010573d        0x0 
 *fill*         0x4010573d        0x3 
 .text          0x40105740        0x2 ./build/sdklib/libphy.a(phy_chip_v6.o)
                0x40105740                sdk_ram_tx_mac_disable
 *fill*         0x40105742        0x0 
 *fill*         0x40105742        0x0 
 *fill*         0x40105742        0x0 
 *fill*         0x40105742        0x0 
 *fill*         0x40105742        0x2 
 .text          0x40105744       0x11 ./build/sdklib/libwpa.a(wpa_auth.o)
 *libgcc.a:*i3.o(.literal .text .literal.* .text.*)
 *fill*         0x40105755        0x3 
 .text          0x40105758       0x49 ./build/libgcc.a(_modsi3.o)
                0x40105758                __modsi3
 *fill*         0x401057a1        0x3 
 .text          0x401057a4       0x4c ./build/libgcc.a(_udivsi3.o)
                0x401057a4                __udivsi3
 .text          0x401057f0       0x18 ./build/libgcc.a(_ashrdi3.o)
                0x401057f0                __ashrdi3
 *libc.a:*malloc.o(.literal .text .literal.* .text.*)
 .literal       0x40105808        0x4 ./build/libc.a(lib_a-malloc.o)
                                 0x10 (size before relaxing)
 .literal       0x4010580c        0x8 ./build/libc.a(lib_a-nano-mallocr.o)
                                 0x20 (size before relaxing)
 .literal       0x40105814        0x0 ./build/libc.a(lib_a-nano-freer.o)
                                  0xc (size before relaxing)
 .literal       0x40105814       0x28 ./build/libc.a(lib_a-rand.o)
                                 0x58 (size before relaxing)
 .literal       0x4010583c        0xc ./build/libc.a(lib_a-mlock.o)
                                 0x10 (size before relaxing)
 .literal       0x40105848        0x0 ./build/libc.a(lib_a-printf.o)
                                  0xc (size before relaxing)
 .literal       0x40105848        0x0 ./build/libc.a(lib_a-sprintf.o)
                                 0x14 (size before relaxing)
 .literal       0x40105848        0x0 ./build/libc.a(lib_a-fprintf.o)
                                  0xc (size before relaxing)
 .literal       0x40105848       0x24 ./build/libc.a(lib_a-nano-svfprintf.o)
                                 0x54 (size before relaxing)
 .literal       0x4010586c       0x1c ./build/libc.a(lib_a-nano-vfprintf.o)
                                 0x54 (size before relaxing)
 .literal       0x40105888       0x48 ./build/libc.a(lib_a-findfp.o)
                                 0xa4 (size before relaxing)
 .literal       0x401058d0        0x8 ./build/libc.a(lib_a-fputwc.o)
                                 0x20 (size before relaxing)
 .text          0x401058d8       0x35 ./build/libc.a(lib_a-malloc.o)
                0x401058d8                malloc
                0x401058f4                free
 *libc.a:*mallocr.o(.literal .text .literal.* .text.*)
 *fill*         0x4010590d        0x3 
 .text          0x40105910       0xed ./build/libc.a(lib_a-nano-mallocr.o)
                                 0xf1 (size before relaxing)
                0x40105910                _malloc_r
 *fill*         0x401059fd        0x0 
 *libc.a:*freer.o(.literal .text .literal.* .text.*)
 *fill*         0x401059fd        0x3 
 .text          0x40105a00       0xb1 ./build/libc.a(lib_a-nano-freer.o)
                0x40105a00                _free_r
 *fill*         0x40105ab1        0x0 
 *libc.a:*memcpy.o(.literal .text .literal.* .text.*)
 *libc.a:*memset.o(.literal .text .literal.* .text.*)
 *libc.a:*memcmp.o(.literal .text .literal.* .text.*)
 *libc.a:*memmove.o(.literal .text .literal.* .text.*)
 *libc.a:*rand.o(.literal .text .literal.* .text.*)
 *fill*         0x40105ab1        0x3 
 .text          0x40105ab4       0xdd ./build/libc.a(lib_a-rand.o)
                                 0xe1 (size before relaxing)
                0x40105ab4                srand
                0x40105b18                rand
 *fill*         0x40105b91        0x0 
 *libc.a:*bzero.o(.literal .text .literal.* .text.*)
 *libc.a:*lock.o(.literal .text .literal.* .text.*)
 *fill*         0x40105b91        0x3 
 .text          0x40105b94       0x2d ./build/libc.a(lib_a-mlock.o)
                0x40105b94                __malloc_lock
                0x40105bac                __malloc_unlock
 *fill*         0x40105bc1        0x0 
 *libc.a:*-printf.o(.literal .text .literal.* .text.*)
 *fill*         0x40105bc1        0x3 
 .text          0x40105bc4       0x61 ./build/libc.a(lib_a-printf.o)
                                 0x65 (size before relaxing)
                0x40105bc4                _printf_r
                0x40105bc4                _iprintf_r
                0x40105bf0                printf
                0x40105bf0                iprintf
 *fill*         0x40105c25        0x0 
 *libc.a:*-sprintf.o(.literal .text .literal.* .text.*)
 *fill*         0x40105c25        0x3 
 .text          0x40105c28       0xb5 ./build/libc.a(lib_a-sprintf.o)
                                 0xb9 (size before relaxing)
                0x40105c28                _siprintf_r
                0x40105c28                _sprintf_r
                0x40105c80                sprintf
                0x40105c80                siprintf
 *fill*         0x40105cdd        0x0 
 *libc.a:*-fprintf.o(.literal .text .literal.* .text.*)
 *fill*         0x40105cdd        0x3 
 .text          0x40105ce0       0x57 ./build/libc.a(lib_a-fprintf.o)
                                 0x5b (size before relaxing)
                0x40105ce0                _fprintf_r
                0x40105ce0                _fiprintf_r
                0x40105d04                fprintf
                0x40105d04                fiprintf
 *fill*         0x40105d37        0x0 
 *libc.a:*-svfprintf.o(.literal .text .literal.* .text.*)
 *fill*         0x40105d37        0x1 
 .text          0x40105d38      0x4c5 ./build/libc.a(lib_a-nano-svfprintf.o)
                0x40105d38                __ssputs_r
                0x40105e34                __ssprint_r
                0x40105f68                _svfprintf_r
                0x40105f68                _svfiprintf_r
 *fill*         0x401061fd        0x0 
 *libc.a:*-vfprintf.o(.literal .text .literal.* .text.*)
 *fill*         0x401061fd        0x3 
 .text          0x40106200      0x43b ./build/libc.a(lib_a-nano-vfprintf.o)
                                0x43f (size before relaxing)
                0x40106238                __sfputs_r
                0x401062a8                __sprint_r
                0x40106338                _vfiprintf_r
                0x40106338                _vfprintf_r
                0x40106614                vfiprintf
                0x40106614                vfprintf
 *fill*         0x4010663b        0x0 
 *libc.a:*findfp.o(.literal .text .literal.* .text.*)
 *fill*         0x4010663b        0x1 
 .text          0x4010663c      0x317 ./build/libc.a(lib_a-findfp.o)
                0x40106694                _cleanup_r
                0x4010672c                __sfmoreglue
                0x40106774                _cleanup
                0x40106788                __sfp_lock_acquire
                0x401067a0                __sfp_lock_release
                0x401067b8                __sinit_lock_acquire
                0x401067d0                __sinit_lock_release
                0x401067e8                __sinit
                0x40106864                __sfp
                0x40106914                __fp_lock_all
                0x40106934                __fp_unlock_all
 *fill*         0x40106953        0x0 
 *libc.a:*fputwc.o(.literal .text .literal.* .text.*)
 *fill*         0x40106953        0x1 
 .text          0x40106954      0x152 ./build/libc.a(lib_a-fputwc.o)
                                0x156 (size before relaxing)
                0x40106954                __fputwc
                0x401069fc                _fputwc_r
                0x40106a70                fputwc
 *fill*         0x40106aa6        0x0 
 *(.stub .gnu.warning .gnu.linkonce.literal.* .gnu.linkonce.t.*.literal .gnu.linkonce.t.*)
 *(.fini.literal)
 *(.fini)
 *(.gnu.version)
                0x40106aa6                _text_end = ABSOLUTE (.)
                0x40106aa6                _etext = .

.data           0x3ffe8000      0x964
                0x3ffe8000                _data_start = ABSOLUTE (.)
 *(.data)
 .data          0x3ffe8000        0x8 ./build/core.a(spiflash-cache-enable.o)
                0x3ffe8000                rboot_megabyte
 .data          0x3ffe8008       0xf4 ./build/libc.a(lib_a-impure.o)
                0x3ffe8008                _impure_ptr
 .data          0x3ffe80fc      0x16c ./build/libc.a(lib_a-locale.o)
                0x3ffe80fc                __global_locale
 .data          0x3ffe8268        0x1 ./build/sdklib/libmain.a(user_interface.o)
 *fill*         0x3ffe8269        0x3 
 .data          0x3ffe826c      0x1a8 ./build/sdklib/libnet80211.a(ieee80211_phy.o)
 *fill*         0x3ffe8414        0x4 
 .data          0x3ffe8418        0x6 ./build/sdklib/libnet80211.a(ieee80211_proto.o)
                0x3ffe8418                sdk_ieee80211_addr_bcast
 *fill*         0x3ffe841e        0x2 
 .data          0x3ffe8420       0x1c ./build/sdklib/libnet80211.a(ieee80211_action.o)
 *fill*         0x3ffe843c        0x4 
 .data          0x3ffe8440       0x53 ./build/sdklib/libphy.a(phy_chip_v6.o)
                0x3ffe8442                sdk_tx_rf_ana_gain
                0x3ffe8464                sdk_tx_pwctrl_atten_init_en
                0x3ffe8470                sdk_rx_gain_swp
                0x3ffe8490                sdk_test_rffreq_txcap
 *fill*         0x3ffe8493        0xd 
 .data          0x3ffe84a0       0x90 ./build/sdklib/libphy.a(phy_chip_v6_cal.o)
                0x3ffe84a0                sdk_dpd_index
                0x3ffe8500                sdk_dpd_db2linear
 .data          0x3ffe8530        0x4 ./build/sdklib/libphy.a(phy_sleep.o)
                0x3ffe8530                sdk_chip_version
 .data          0x3ffe8534      0x11c ./build/sdklib/libphy.a(phy_chip_v5_romfunc.o)
                0x3ffe8534                sdk_g_phyFuns
                0x3ffe8538                sdk_g_phyFuns_instance
 .data          0x3ffe8650        0x7 ./build/sdklib/libphy.a(phy_chip_v5_cal_romfunc.o)
 *fill*         0x3ffe8657        0x1 
 .data          0x3ffe8658        0x1 ./build/sdklib/libpp.a(pm.o)
 *fill*         0x3ffe8659        0x3 
 .data          0x3ffe865c       0x10 ./build/sdklib/libpp.a(pp.o)
                0x3ffe865c                sdk_NoiseTimerInterval
                0x3ffe8664                sdk_sleep_start_wait_time
 *fill*         0x3ffe866c        0x4 
 .data          0x3ffe8670       0x40 ./build/sdklib/libpp.a(rate_control.o)
 .data          0x3ffe86b0      0x22c ./build/sdklib/libpp.a(trc.o)
 *fill*         0x3ffe88dc        0x4 
 .data          0x3ffe88e0       0x10 ./build/sdklib/libpp.a(wdev.o)
 .data          0x3ffe88f0       0x18 ./build/sdklib/libnet80211.a(ieee80211_crypto_ccmp.o)
                0x3ffe88f0                sdk_ccmp
 .data          0x3ffe8908       0x18 ./build/sdklib/libnet80211.a(ieee80211_crypto_tkip.o)
                0x3ffe8908                sdk_tkip
 .data          0x3ffe8920       0x18 ./build/sdklib/libnet80211.a(ieee80211_crypto_wep.o)
                0x3ffe8920                sdk_wep
 *(.data.*)
 .data.sdk_dhcpc_flag
                0x3ffe8938        0x4 ./build/open_esplibs_libmain.a(user_interface.o)
                0x3ffe8938                sdk_dhcpc_flag
 .data.sdk_flashchip
                0x3ffe893c       0x18 ./build/open_esplibs_libmain.a(spi_flash.o)
                0x3ffe893c                sdk_flashchip
 .data.cpu_freq
                0x3ffe8954        0x4 ./build/open_esplibs_libmain.a(misc.o)
 .data.iss$5609
                0x3ffe8958        0x4 ./build/lwip.a(tcp.o)
 .data.tcp_port
                0x3ffe895c        0x2 ./build/lwip.a(tcp.o)
 .data.udp_port
                0x3ffe895e        0x2 ./build/lwip.a(udp.o)
 .data.current_stdout_write_r
                0x3ffe8960        0x4 ./build/core.a(newlib_syscalls.o)
 *(.gnu.linkonce.d.*)
 *(.data1)
 *(.sdata)
 *(.sdata.*)
 *(.gnu.linkonce.s.*)
 *(.sdata2)
 *(.sdata2.*)
 *(.gnu.linkonce.s2.*)
 *(.jcr)
                0x3ffe8964                _data_end = ABSOLUTE (.)

.rodata         0x3ffe8968      0x864
                0x3ffe8968                _rodata_start = ABSOLUTE (.)
 *core.a:*(.rodata.* .rodata)
 .rodata.str1.4
                0x3ffe8968      0x19f ./build/core.a(app_main.o)
 *fill*         0x3ffe8b07        0x1 
 .rodata.CSWTCH$29
                0x3ffe8b08       0x24 ./build/core.a(app_main.o)
 .rodata.CSWTCH$28
                0x3ffe8b2c       0x40 ./build/core.a(app_main.o)
 .rodata.str1.4
                0x3ffe8b6c      0x1cc ./build/core.a(debug_dumps.o)
 .rodata        0x3ffe8d38       0x1c ./build/core.a(exception_vectors.o)
 *libc.a:*.o(.rodata.* .rodata)
 .rodata        0x3ffe8d54        0x4 ./build/libc.a(lib_a-impure.o)
                0x3ffe8d54                _global_impure_ptr
 .rodata.str1.1
                0x3ffe8d58        0xa ./build/libc.a(lib_a-locale.o)
                                  0xb (size before relaxing)
 .rodata.str1.1
                0x3ffe8d62       0x21 ./build/libc.a(lib_a-mstats.o)
 .rodata.str1.1
                0x3ffe8d83       0x4b ./build/libc.a(lib_a-nano-mallstatsr.o)
 .rodata.str1.1
                0x3ffe8dce       0x12 ./build/libc.a(lib_a-nano-vfprintf_float.o)
 .rodata.str1.1
                0x3ffe8de0       0x22 ./build/libc.a(lib_a-nano-vfprintf_i.o)
 .rodata.str1.1
                0x3ffe8e02        0x5 ./build/libc.a(lib_a-nano-vfscanf_float.o)
 .rodata.str1.1
                0x3ffe8e07        0x5 ./build/libc.a(lib_a-puts.o)
                                  0x2 (size before relaxing)
 .rodata.str1.1
                0x3ffe8e07        0x5 ./build/libc.a(lib_a-strtod.o)
                                  0xc (size before relaxing)
 *fill*         0x3ffe8e07        0x1 
 .rodata        0x3ffe8e08       0x70 ./build/libc.a(lib_a-strtod.o)
 .rodata        0x3ffe8e78      0x101 ./build/libc.a(lib_a-ctype_.o)
                0x3ffe8e78                _ctype_
 .rodata.str1.1
                0x3ffe8f79        0xd ./build/libc.a(lib_a-dtoa.o)
                                  0xf (size before relaxing)
 *fill*         0x3ffe8f86        0x2 
 .rodata        0x3ffe8f88      0x128 ./build/libc.a(lib_a-mprec.o)
                0x3ffe8f98                __mprec_tinytens
                0x3ffe8fc0                __mprec_bigtens
                0x3ffe8fe8                __mprec_tens
 .rodata.str1.1
                0x3ffe90b0       0x11 ./build/libc.a(lib_a-nano-svfprintf.o)
 .rodata.str1.1
                0x3ffe90c1       0x11 ./build/libc.a(lib_a-nano-vfprintf.o)
 *freertos.a:*(.rodata.* .rodata)
 *fill*         0x3ffe90c1        0x3 
 .rodata.str1.4
                0x3ffe90c4       0x35 ./build/freertos.a(tasks.o)
 *fill*         0x3ffe90f9        0x3 
 .rodata.str1.4
                0x3ffe90fc       0x39 ./build/freertos.a(timers.o)
 *fill*         0x3ffe9135        0x3 
 .rodata.str1.4
                0x3ffe9138       0x54 ./build/freertos.a(port.o)
 .rodata.str1.4
                0x3ffe918c       0x30 ./build/freertos.a(queue.o)
 *libmain.a:spi_flash.o(.rodata.* .rodata)
 *libpp.a:wdev.o(.rodata.* .rodata)
 .rodata.str1.4
                0x3ffe91bc       0x10 ./build/sdklib/libpp.a(wdev.o)
                                  0xf (size before relaxing)
                0x3ffe91cc                _rodata_end = ABSOLUTE (.)

.bss            0x3ffe91d0     0x8478
                0x3ffe91d0                . = ALIGN (0x8)
                0x3ffe91d0                _bss_start = ABSOLUTE (.)
 *(.dynsbss)
 *(.sbss)
 *(.sbss.*)
 *(.gnu.linkonce.sb.*)
 *(.scommon)
 *(.sbss2)
 *(.sbss2.*)
 *(.gnu.linkonce.sb2.*)
 *(.dynbss)
 *(.bss)
 .bss           0x3ffe91d0      0x228 ./build/core.a(exception_vectors.o)
                0x3ffe93e4                debug_saved_ctx
 .bss           0x3ffe93f8        0xc ./build/libc.a(lib_a-arc4random.o)
                0x3ffe93f8                __arc4random_mutex
 .bss           0x3ffe9404        0x4 ./build/libc.a(lib_a-__call_atexit.o)
                0x3ffe9404                __atexit_recursive_mutex
 .bss           0x3ffe9408        0x4 ./build/libc.a(lib_a-envlock.o)
                0x3ffe9408                __env_recursive_mutex
 .bss           0x3ffe940c        0x8 ./build/libc.a(lib_a-findfp.o)
                0x3ffe940c                __sinit_recursive_mutex
                0x3ffe9410                __sfp_recursive_mutex
 .bss           0x3ffe9414        0x4 ./build/libc.a(lib_a-mlock.o)
                0x3ffe9414                __malloc_recursive_mutex
 .bss           0x3ffe9418       0x28 ./build/libc.a(lib_a-nano-mallinfor.o)
                0x3ffe9418                __malloc_current_mallinfo
 .bss           0x3ffe9440        0x8 ./build/libc.a(lib_a-nano-mallocr.o)
                0x3ffe9440                __malloc_sbrk_start
                0x3ffe9444                __malloc_free_list
 .bss           0x3ffe9448        0x8 ./build/libc.a(lib_a-quick_exit.o)
                0x3ffe9448                __at_quick_exit_mutex
 .bss           0x3ffe9450        0x4 ./build/libc.a(lib_a-tzlock.o)
                0x3ffe9450                __tz_mutex
 *fill*         0x3ffe9454        0xc 
 .bss           0x3ffe9460      0x131 ./build/sdklib/libmain.a(user_interface.o)
 *fill*         0x3ffe9591        0x3 
 .bss           0x3ffe9594      0x54c ./build/sdklib/libnet80211.a(ieee80211.o)
                0x3ffe9594                sdk_g_ic
                0x3ffe9adc                sdk_xieee80211Queue
 .bss           0x3ffe9ae0       0x28 ./build/sdklib/libnet80211.a(ieee80211_hostap.o)
                0x3ffe9b00                sdk_TmpSTAAPCloseAP
                0x3ffe9b01                sdk_PendFreeBcnEb
 .bss           0x3ffe9b08       0xe4 ./build/sdklib/libnet80211.a(ieee80211_scan.o)
                0x3ffe9b08                sdk_gScanStruct
                0x3ffe9bcc                sdk_auth_type
                0x3ffe9bce                sdk_scannum
 .bss           0x3ffe9bec       0x44 ./build/sdklib/libnet80211.a(wl_chm.o)
 .bss           0x3ffe9c30      0x780 ./build/sdklib/libnet80211.a(wl_cnx.o)
                0x3ffea390                sdk_sta_con_timer
                0x3ffea3ac                sdk_g_cnx_probe_rc_list_cb
 .bss           0x3ffea3b0        0x4 ./build/sdklib/libphy.a(phy.o)
 *fill*         0x3ffea3b4        0xc 
 .bss           0x3ffea3c0      0x38b ./build/sdklib/libphy.a(phy_chip_v6.o)
                0x3ffea3c0                sdk_rxiq_compute_num
                0x3ffea3c4                sdk_rxdc_init_flag
                0x3ffea3c8                sdk_check_result
                0x3ffea3cc                sdk_chip6_sleep_params
                0x3ffea5a4                sdk_chip6_phy_init_ctrl
                0x3ffea612                sdk_phy_freq_offset
                0x3ffea614                sdk_do_pwctrl_flag
                0x3ffea615                sdk_pwctrl_debug
                0x3ffea616                sdk_txbk_dpdby_flag
                0x3ffea618                sdk_sw_scan_mode
                0x3ffea62c                sdk_periodic_cal_dc_num
                0x3ffea630                sdk_periodic_cal_flag
                0x3ffea631                sdk_bbpll_cal_flag
                0x3ffea632                sdk_deep_sleep_en
                0x3ffea638                sdk_noise_array
                0x3ffea740                sdk_tx_pwctrl_atten_init
 *fill*         0x3ffea74b        0x1 
 .bss           0x3ffea74c        0x6 ./build/sdklib/libphy.a(phy_chip_v6_cal.o)
                0x3ffea74c                sdk_loop_pwctrl_pwdet_error_accum_high_power
                0x3ffea74e                sdk_tx_pwctrl_pk_num
                0x3ffea74f                sdk_loop_pwctrl_correct_atten_high_power
                0x3ffea750                sdk_tx_pwctrl_set_chan_flag
                0x3ffea751                sdk_rxiq_cover_fail_num
 *fill*         0x3ffea752        0x2 
 .bss           0x3ffea754        0x4 ./build/sdklib/libphy.a(phy_sleep.o)
                0x3ffea754                sdk_periodic_cal_sat
                0x3ffea755                sdk_software_slp_reject
                0x3ffea756                sdk_SDIO_slp_reject
                0x3ffea757                sdk_hardware_reject
 *fill*         0x3ffea758        0x8 
 .bss           0x3ffea760     0x11e8 ./build/sdklib/libpp.a(esf_buf.o)
 *fill*         0x3ffeb948        0x8 
 .bss           0x3ffeb950       0x30 ./build/sdklib/libpp.a(if_hwctrl.o)
                0x3ffeb950                sdk_interface_mask
                0x3ffeb960                sdk_if_ctrl
 .bss           0x3ffeb980      0x150 ./build/sdklib/libpp.a(lmac.o)
                0x3ffeb984                sdk_lmacConfMib
 .bss           0x3ffebad0      0x149 ./build/sdklib/libpp.a(pm.o)
 *fill*         0x3ffebc19        0x7 
 .bss           0x3ffebc20      0x352 ./build/sdklib/libpp.a(pp.o)
                0x3ffebc48                sdk_pend_flag_noise_check
                0x3ffebc50                sdk_pend_flag_periodic_cal
                0x3ffebc74                sdk_dbg_stop_sw_wdt
                0x3ffebc75                sdk_dbg_stop_hw_wdt
 *fill*         0x3ffebf72        0xe 
 .bss           0x3ffebf80      0x100 ./build/sdklib/libpp.a(rate_control.o)
 .bss           0x3ffec080      0x268 ./build/sdklib/libpp.a(trc.o)
 *fill*         0x3ffec2e8        0x8 
 .bss           0x3ffec2f0     0x4721 ./build/sdklib/libpp.a(wdev.o)
                0x3ffec2f0                sdk_wDevCtrl
                0x3ffec494                sdk_NMIIrqIsOn
                0x3ffec498                sdk_WdevTimOffSet
 *fill*         0x3fff0a11        0xf 
 .bss           0x3fff0a20      0x27a ./build/sdklib/libwpa.a(wpa.o)
 *fill*         0x3fff0c9a        0x6 
 .bss           0x3fff0ca0       0xb0 ./build/sdklib/libwpa.a(aes-internal-dec.o)
 .bss           0x3fff0d50        0x8 ./build/sdklib/libnet80211.a(ieee80211_crypto_tkip.o)
 *(.bss.*)
 .bss.task_handle
                0x3fff0d58        0x4 ./build/open_esplibs_libmain.a(ets_timer.o)
 .bss.timer_list
                0x3fff0d5c        0x4 ./build/open_esplibs_libmain.a(ets_timer.o)
 .bss.armed_timer_count
                0x3fff0d60        0x1 ./build/open_esplibs_libmain.a(timers.o)
 *fill*         0x3fff0d61        0x3 
 .bss.timer_list
                0x3fff0d64        0x4 ./build/open_esplibs_libmain.a(timers.o)
 .bss.hostap_timer_parg
                0x3fff0d68        0x4 ./build/open_esplibs_libnet80211.a(ieee80211_hostap.o)
 .bss.hostap_timer
                0x3fff0d6c       0x1c ./build/open_esplibs_libnet80211.a(ieee80211_hostap.o)
 .bss.hostap_flags
                0x3fff0d88        0x1 ./build/open_esplibs_libnet80211.a(ieee80211_hostap.o)
 *fill*         0x3fff0d89        0x3 
 .bss.pp_zeros  0x3fff0d8c       0x20 ./build/open_esplibs_libpp.a(pp.o)
 .bss.uxSchedulerSuspended
                0x3fff0dac        0x4 ./build/freertos.a(tasks.o)
 .bss.xIdleTaskHandle
                0x3fff0db0        0x4 ./build/freertos.a(tasks.o)
 .bss.xNextTaskUnblockTime
                0x3fff0db4        0x4 ./build/freertos.a(tasks.o)
 .bss.uxTaskNumber
                0x3fff0db8        0x4 ./build/freertos.a(tasks.o)
 .bss.xNumOfOverflows
                0x3fff0dbc        0x4 ./build/freertos.a(tasks.o)
 .bss.xYieldPending
                0x3fff0dc0        0x4 ./build/freertos.a(tasks.o)
 .bss.uxPendedTicks
                0x3fff0dc4        0x4 ./build/freertos.a(tasks.o)
 .bss.xSchedulerRunning
                0x3fff0dc8        0x4 ./build/freertos.a(tasks.o)
 .bss.uxTopReadyPriority
                0x3fff0dcc        0x4 ./build/freertos.a(tasks.o)
 .bss.xTickCount
                0x3fff0dd0        0x4 ./build/freertos.a(tasks.o)
 .bss.uxCurrentNumberOfTasks
                0x3fff0dd4        0x4 ./build/freertos.a(tasks.o)
 .bss.xSuspendedTaskList
                0x3fff0dd8       0x14 ./build/freertos.a(tasks.o)
 .bss.uxDeletedTasksWaitingCleanUp
                0x3fff0dec        0x4 ./build/freertos.a(tasks.o)
 .bss.xTasksWaitingTermination
                0x3fff0df0       0x14 ./build/freertos.a(tasks.o)
 .bss.xPendingReadyList
                0x3fff0e04       0x14 ./build/freertos.a(tasks.o)
 .bss.pxOverflowDelayedTaskList
                0x3fff0e18        0x4 ./build/freertos.a(tasks.o)
 .bss.pxDelayedTaskList
                0x3fff0e1c        0x4 ./build/freertos.a(tasks.o)
 .bss.xDelayedTaskList2
                0x3fff0e20       0x14 ./build/freertos.a(tasks.o)
 .bss.xDelayedTaskList1
                0x3fff0e34       0x14 ./build/freertos.a(tasks.o)
 .bss.pxReadyTasksLists
                0x3fff0e48      0x12c ./build/freertos.a(tasks.o)
 .bss.pxCurrentTCB
                0x3fff0f74        0x4 ./build/freertos.a(tasks.o)
                0x3fff0f74                pxCurrentTCB
 .bss.xLastTime$3501
                0x3fff0f78        0x4 ./build/freertos.a(timers.o)
 .bss.xTimerTaskHandle
                0x3fff0f7c        0x4 ./build/freertos.a(timers.o)
 .bss.xTimerQueue
                0x3fff0f80        0x4 ./build/freertos.a(timers.o)
 .bss.pxOverflowTimerList
                0x3fff0f84        0x4 ./build/freertos.a(timers.o)
 .bss.pxCurrentTimerList
                0x3fff0f88        0x4 ./build/freertos.a(timers.o)
 .bss.xActiveTimerList2
                0x3fff0f8c       0x14 ./build/freertos.a(timers.o)
 .bss.xActiveTimerList1
                0x3fff0fa0       0x14 ./build/freertos.a(timers.o)
 .bss.uxCriticalNesting
                0x3fff0fb4        0x4 ./build/freertos.a(port.o)
 .bss.pending_maclayer_sv
                0x3fff0fb8        0x4 ./build/freertos.a(port.o)
 .bss.pending_soft_sv
                0x3fff0fbc        0x4 ./build/freertos.a(port.o)
 .bss.critical_nesting
                0x3fff0fc0        0x4 ./build/lwip.a(sys_arch.o)
 .bss.tcpip_mbox
                0x3fff0fc4        0x4 ./build/lwip.a(tcpip.o)
 .bss.tcpip_init_done_arg
                0x3fff0fc8        0x4 ./build/lwip.a(tcpip.o)
 .bss.tcpip_init_done
                0x3fff0fcc        0x4 ./build/lwip.a(tcpip.o)
 .bss.tcp_timer_ctr
                0x3fff0fd0        0x1 ./build/lwip.a(tcp.o)
 .bss.tcp_timer
                0x3fff0fd1        0x1 ./build/lwip.a(tcp.o)
 *fill*         0x3fff0fd2        0x2 
 .bss.tcpip_tcp_timer_active
                0x3fff0fd4        0x4 ./build/lwip.a(timeouts.o)
 .bss.current_timeout_due_time
                0x3fff0fd8        0x4 ./build/lwip.a(timeouts.o)
 .bss.next_timeout
                0x3fff0fdc        0x4 ./build/lwip.a(timeouts.o)
 .bss.dns_servers
                0x3fff0fe0        0x8 ./build/lwip.a(dns.o)
 .bss.dns_requests
                0x3fff0fe8        0xc ./build/lwip.a(dns.o)
 .bss.dns_table
                0x3fff0ff4       0x94 ./build/lwip.a(dns.o)
 .bss.dns_seqno
                0x3fff1088        0x1 ./build/lwip.a(dns.o)
 .bss.dns_last_pcb_idx
                0x3fff1089        0x1 ./build/lwip.a(dns.o)
 *fill*         0x3fff108a        0x2 
 .bss.dns_pcbs  0x3fff108c        0x4 ./build/lwip.a(dns.o)
 .bss.recv_data
                0x3fff1090        0x4 ./build/lwip.a(tcp_in.o)
 .bss.recv_flags
                0x3fff1094        0x1 ./build/lwip.a(tcp_in.o)
 .bss.flags     0x3fff1095        0x1 ./build/lwip.a(tcp_in.o)
 .bss.tcplen    0x3fff1096        0x2 ./build/lwip.a(tcp_in.o)
 .bss.recv_acked
                0x3fff1098        0x2 ./build/lwip.a(tcp_in.o)
 *fill*         0x3fff109a        0x2 
 .bss.ackno     0x3fff109c        0x4 ./build/lwip.a(tcp_in.o)
 .bss.seqno     0x3fff10a0        0x4 ./build/lwip.a(tcp_in.o)
 .bss.tcp_optidx
                0x3fff10a4        0x2 ./build/lwip.a(tcp_in.o)
 *fill*         0x3fff10a6        0x2 
 .bss.tcphdr_opt2
                0x3fff10a8        0x4 ./build/lwip.a(tcp_in.o)
 .bss.tcphdr_opt1len
                0x3fff10ac        0x2 ./build/lwip.a(tcp_in.o)
 .bss.tcphdr_optlen
                0x3fff10ae        0x2 ./build/lwip.a(tcp_in.o)
 .bss.tcphdr    0x3fff10b0        0x4 ./build/lwip.a(tcp_in.o)
 .bss.inseg     0x3fff10b4       0x10 ./build/lwip.a(tcp_in.o)
 .bss.netif_num
                0x3fff10c4        0x1 ./build/lwip.a(netif.o)
 *fill*         0x3fff10c5        0x1 
 .bss.ip_reass_pbufcount
                0x3fff10c6        0x2 ./build/lwip.a(ip4_frag.o)
 .bss.reassdatagrams
                0x3fff10c8        0x4 ./build/lwip.a(ip4_frag.o)
 .bss.xid$4550  0x3fff10cc        0x4 ./build/lwip.a(dhcp.o)
 .bss.dhcp_pcb_refcount
                0x3fff10d0        0x1 ./build/lwip.a(dhcp.o)
 *fill*         0x3fff10d1        0x3 
 .bss.dhcp_pcb  0x3fff10d4        0x4 ./build/lwip.a(dhcp.o)
 .bss.etharp_cached_entry
                0x3fff10d8        0x1 ./build/lwip.a(etharp.o)
 *fill*         0x3fff10d9        0x3 
 .bss.arp_table
                0x3fff10dc       0xf0 ./build/lwip.a(etharp.o)
 .bss.allrouters
                0x3fff11cc        0x4 ./build/lwip.a(igmp.o)
 .bss.allsystems
                0x3fff11d0        0x4 ./build/lwip.a(igmp.o)
 .bss.ip4_default_multicast_netif
                0x3fff11d4        0x4 ./build/lwip.a(ip4.o)
 .bss.ip_id     0x3fff11d8        0x2 ./build/lwip.a(ip4.o)
 *fill*         0x3fff11da        0x2 
 .bss._sysparam_info
                0x3fff11dc       0x18 ./build/core.a(sysparam.o)
 .bss.heap_end$5025
                0x3fff11f4        0x4 ./build/core.a(newlib_syscalls.o)
 .bss.locks_initialized
                0x3fff11f8        0x4 ./build/core.a(newlib_syscalls.o)
 .bss.user_exception_handler
                0x3fff11fc        0x4 ./build/core.a(debug_dumps.o)
 .bss.my_id$5782
                0x3fff1200        0xd ./build/program.a(seminar2.o)
 .bss.my_id_done$5783
                0x3fff120d        0x1 ./build/program.a(seminar2.o)
 *fill*         0x3fff120e        0x2 
 .bss.i2c_bus   0x3fff1210       0x20 ./build/i2c.a(i2c.o)
 .bss.freq      0x3fff1230        0x1 ./build/i2c.a(i2c.o)
 *fill*         0x3fff1231        0x3 
 .bss.bufptr    0x3fff1234        0x4 ./build/paho_mqtt_c.a(MQTTPacket.o)
 .bss.select_cb_list
                0x3fff1238        0x4 ./build/lwip.a(sockets.o)
 .bss.sockets   0x3fff123c       0xc0 ./build/lwip.a(sockets.o)
 *(.gnu.linkonce.b.*)
 *(COMMON)
 COMMON         0x3fff12fc       0x28 ./build/open_esplibs_libmain.a(user_interface.o)
                0x3fff12fc                sdk_cpu_overclock
                0x3fff1300                sdk_rst_if
                0x3fff1320                sdk_promiscuous_cb
 COMMON         0x3fff1324        0x4 ./build/open_esplibs_libmain.a(misc.o)
                0x3fff1324                sdk__putc1
 COMMON         0x3fff1328        0xc ./build/freertos.a(port.o)
                0x3fff1328                level1_int_disabled
                0x3fff132c                cpu_sr
                0x3fff1330                xPortSupervisorStackPointer
 COMMON         0x3fff1334        0xc ./build/lwip.a(sys_arch.o)
                0x3fff1334                lwip_tcpip_thread
                0x3fff1338                lwip_core_lock_count
                0x3fff133c                lwip_core_lock_holder_thread
 COMMON         0x3fff1340        0x4 ./build/lwip.a(esp_interface.o)
                0x3fff1340                pp_rx_pool_usage
 COMMON         0x3fff1344        0x4 ./build/lwip.a(tcpip.o)
                0x3fff1344                lock_tcpip_core
 COMMON         0x3fff1348       0x18 ./build/lwip.a(tcp.o)
                0x3fff1348                tcp_active_pcbs_changed
                0x3fff134c                tcp_active_pcbs
                0x3fff1350                tcp_ticks
                0x3fff1354                tcp_listen_pcbs
                0x3fff1358                tcp_bound_pcbs
                0x3fff135c                tcp_tw_pcbs
 COMMON         0x3fff1360        0x4 ./build/lwip.a(tcp_in.o)
                0x3fff1360                tcp_input_pcb
 COMMON         0x3fff1364        0x1 ./build/lwip.a(pbuf.o)
                0x3fff1364                pbuf_free_ooseq_pending
 *fill*         0x3fff1365        0x3 
 COMMON         0x3fff1368        0x8 ./build/lwip.a(netif.o)
                0x3fff1368                netif_list
                0x3fff136c                netif_default
 COMMON         0x3fff1370        0x4 ./build/lwip.a(udp.o)
                0x3fff1370                udp_pcbs
 COMMON         0x3fff1374       0x34 ./build/lwip.a(dhcp.o)
                0x3fff1374                dhcp_rx_options_given
                0x3fff1380                dhcp_rx_options_val
 COMMON         0x3fff13a8       0x18 ./build/lwip.a(ip.o)
                0x3fff13a8                ip_data
 COMMON         0x3fff13c0       0x81 ./build/core.a(esp_interrupts.o)
                0x3fff13c0                isr
                0x3fff1440                esp_in_isr
 *fill*         0x3fff1441        0x3 
 COMMON         0x3fff1444       0x2d ./build/core.a(app_main.o)
                0x3fff1444                sdk_info
                0x3fff1468                sdk_xWatchDogTaskHandle
                0x3fff146c                sdk_xUserTaskHandle
                0x3fff1470                sdk_user_init_flag
 *fill*         0x3fff1471        0x3 
 COMMON         0x3fff1474      0x138 ./build/libc.a(lib_a-findfp.o)
                0x3fff1474                __sf
 COMMON         0x3fff15ac        0x8 ./build/program.a(seminar2.o)
                0x3fff15ac                wifi_alive
                0x3fff15b0                publish_queue
 COMMON         0x3fff15b4       0x90 ./build/lwip.a(sockets.o)
                0x3fff15b4                socket_ipv4_multicast_memberships
                0x3fff1648                . = ALIGN (0x8)
 *fill*         0x3fff1644        0x4 
                0x3fff1648                _bss_end = ABSOLUTE (.)
                0x3fff1648                _heap_start = ABSOLUTE (.)

.irom0.text     0x40202010    0x3af0c
                0x40202010                _irom0_text_start = ABSOLUTE (.)
 *(.literal .text .literal.* .text.* .rodata .rodata.*)
 .text._check_boot_version
                0x40202010       0x3a ./build/open_esplibs_libmain.a(user_interface.o)
                                 0x3e (size before relaxing)
 *fill*         0x4020204a        0x2 
 .text.wifi_save_protect
                0x4020204c       0x9f ./build/open_esplibs_libmain.a(user_interface.o)
 *fill*         0x402020eb        0x1 
 .text.sdk_system_pp_recycle_rx_pkt
                0x402020ec        0xf ./build/open_esplibs_libmain.a(user_interface.o)
                                 0x17 (size before relaxing)
                0x402020ec                sdk_system_pp_recycle_rx_pkt
 *fill*         0x402020fb        0x1 
 .text.sdk_system_restart
                0x402020fc       0x53 ./build/open_esplibs_libmain.a(user_interface.o)
                                 0x7b (size before relaxing)
                0x40202108                sdk_system_restart
 *fill*         0x4020214f        0x1 
 .text.sdk_system_get_boot_version
                0x40202150        0xe ./build/open_esplibs_libmain.a(user_interface.o)
                                 0x12 (size before relaxing)
                0x40202150                sdk_system_get_boot_version
 *fill*         0x4020215e        0x2 
 .text.sdk_system_get_test_result
                0x40202160       0x22 ./build/open_esplibs_libmain.a(user_interface.o)
                                 0x2e (size before relaxing)
                0x40202160                sdk_system_get_test_result
 *fill*         0x40202182        0x2 
 .text.sdk_system_upgrade_userbin_check
                0x40202184       0x40 ./build/open_esplibs_libmain.a(user_interface.o)
                                 0x44 (size before relaxing)
                0x40202184                sdk_system_upgrade_userbin_check
 .text.sdk_system_get_userbin_addr
                0x402021c4       0x92 ./build/open_esplibs_libmain.a(user_interface.o)
                                 0x9e (size before relaxing)
                0x402021d0                sdk_system_get_userbin_addr
 *fill*         0x40202256        0x2 
 .text.sdk_system_update_cpu_freq
                0x40202258       0x61 ./build/open_esplibs_libmain.a(user_interface.o)
                                 0x69 (size before relaxing)
                0x4020225c                sdk_system_update_cpu_freq
 *fill*         0x402022b9        0x3 
 .text.sdk_system_get_cpu_freq
                0x402022bc       0x1a ./build/open_esplibs_libmain.a(user_interface.o)
                0x402022c0                sdk_system_get_cpu_freq
 *fill*         0x402022d6        0x2 
 .text.sdk_system_overclock
                0x402022d8       0x31 ./build/open_esplibs_libmain.a(user_interface.o)
                                 0x3d (size before relaxing)
                0x402022dc                sdk_system_overclock
 *fill*         0x40202309        0x3 
 .text.sdk_system_restoreclock
                0x4020230c       0x33 ./build/open_esplibs_libmain.a(user_interface.o)
                                 0x43 (size before relaxing)
                0x4020230c                sdk_system_restoreclock
 *fill*         0x4020233f        0x1 
 .text.sdk_system_station_got_ip_set
                0x40202340       0x8d ./build/open_esplibs_libmain.a(user_interface.o)
                                 0xa9 (size before relaxing)
                0x40202348                sdk_system_station_got_ip_set
 *fill*         0x402023cd        0x3 
 .text.sdk_wifi_param_save_protect
                0x402023d0       0xa8 ./build/open_esplibs_libmain.a(user_interface.o)
                                 0xc0 (size before relaxing)
                0x402023dc                sdk_wifi_param_save_protect
 .text.sdk_wifi_station_get_connect_status
                0x40202478       0x21 ./build/open_esplibs_libmain.a(user_interface.o)
                                 0x2d (size before relaxing)
                0x40202478                sdk_wifi_station_get_connect_status
 *fill*         0x40202499        0x3 
 .text.sdk_wifi_get_macaddr
                0x4020249c       0x67 ./build/open_esplibs_libmain.a(user_interface.o)
                                 0x73 (size before relaxing)
                0x402024a4                sdk_wifi_get_macaddr
 *fill*         0x40202503        0x1 
 .text.add_pending_timer
                0x40202504       0x98 ./build/open_esplibs_libmain.a(ets_timer.o)
                                 0x9c (size before relaxing)
 .text.timer_task
                0x4020259c       0xb9 ./build/open_esplibs_libmain.a(ets_timer.o)
                                 0xd5 (size before relaxing)
 *fill*         0x40202655        0x3 
 .text.sdk_ets_timer_arm_ms_us
                0x40202658       0x69 ./build/open_esplibs_libmain.a(ets_timer.o)
                                 0x7d (size before relaxing)
                0x40202660                sdk_ets_timer_arm_ms_us
 *fill*         0x402026c1        0x3 
 .text.sdk_ets_timer_arm
                0x402026c4       0x17 ./build/open_esplibs_libmain.a(ets_timer.o)
                                 0x1b (size before relaxing)
                0x402026c4                sdk_ets_timer_arm
 *fill*         0x402026db        0x1 
 .text.sdk_ets_timer_disarm
                0x402026dc       0x51 ./build/open_esplibs_libmain.a(ets_timer.o)
                                 0x5d (size before relaxing)
                0x402026dc                sdk_ets_timer_disarm
 *fill*         0x4020272d        0x3 
 .text.sdk_ets_timer_init
                0x40202730       0xa4 ./build/open_esplibs_libmain.a(ets_timer.o)
                                 0xb8 (size before relaxing)
                0x40202748                sdk_ets_timer_init
 .text.sdk_os_update_cpu_frequency
                0x402027d4        0xb ./build/open_esplibs_libmain.a(misc.o)
                0x402027d8                sdk_os_update_cpu_frequency
                0x402027d8                sdk_ets_update_cpu_frequency
 *fill*         0x402027df        0x1 
 .text.sdk_os_delay_us
                0x402027e0       0x19 ./build/open_esplibs_libmain.a(misc.o)
                                 0x1d (size before relaxing)
                0x402027e0                sdk_os_delay_us
                0x402027e0                sdk_ets_delay_us
 *fill*         0x402027f9        0x3 
 .text.sdk_os_install_putc1
                0x402027fc        0xb ./build/open_esplibs_libmain.a(misc.o)
                0x40202800                sdk_os_install_putc1
 *fill*         0x40202807        0x1 
 .text.sdk_gpio_output_set
                0x40202808       0x1d ./build/open_esplibs_libmain.a(misc.o)
                0x4020280c                sdk_gpio_output_set
 *fill*         0x40202825        0x3 
 .text.sdk_rtc_get_reset_reason
                0x40202828       0x4a ./build/open_esplibs_libmain.a(misc.o)
                0x40202830                sdk_rtc_get_reset_reason
 *fill*         0x40202872        0x2 
 .text.timer_tramp
                0x40202874       0x17 ./build/open_esplibs_libmain.a(timers.o)
                                 0x1f (size before relaxing)
 *fill*         0x4020288b        0x1 
 .text.sdk_os_timer_setfn
                0x4020288c       0xac ./build/open_esplibs_libmain.a(timers.o)
                                 0xb8 (size before relaxing)
                0x4020289c                sdk_os_timer_setfn
 .text.sdk_os_timer_arm
                0x40202938       0xa8 ./build/open_esplibs_libmain.a(timers.o)
                                 0xd4 (size before relaxing)
                0x40202940                sdk_os_timer_arm
 .text.sdk_os_timer_disarm
                0x402029e0       0x27 ./build/open_esplibs_libmain.a(timers.o)
                                 0x37 (size before relaxing)
                0x402029e4                sdk_os_timer_disarm
 *fill*         0x40202a07        0x1 
 .text.sdk_ieee80211_hostap_attach
                0x40202a08      0x199 ./build/open_esplibs_libnet80211.a(ieee80211_hostap.o)
                                0x1fd (size before relaxing)
                0x40202a28                sdk_ieee80211_hostap_attach
 *fill*         0x40202ba1        0x3 
 .text.sdk_wifi_softap_start
                0x40202ba4      0x168 ./build/open_esplibs_libnet80211.a(ieee80211_hostap.o)
                                0x1c8 (size before relaxing)
                0x40202bc4                sdk_wifi_softap_start
 .text.sdk_wifi_softap_stop
                0x40202d0c      0x13d ./build/open_esplibs_libnet80211.a(ieee80211_hostap.o)
                                0x1b9 (size before relaxing)
                0x40202d10                sdk_wifi_softap_stop
 *fill*         0x40202e49        0x3 
 .text.dhcp_if_down
                0x40202e4c       0x23 ./build/open_esplibs_libnet80211.a(wl_cnx.o)
                                 0x3f (size before relaxing)
                0x40202e4c                dhcp_if_down
 *fill*         0x40202e6f        0x1 
 .text.sdk_cnx_rc_search
                0x40202e70       0x5e ./build/open_esplibs_libnet80211.a(wl_cnx.o)
                                 0x66 (size before relaxing)
                0x40202e70                sdk_cnx_rc_search
 *fill*         0x40202ece        0x2 
 .text.sdk_cnx_add_rc
                0x40202ed0       0x7c ./build/open_esplibs_libnet80211.a(wl_cnx.o)
                                 0x80 (size before relaxing)
                0x40202ed0                sdk_cnx_add_rc
 .text.sdk_cnx_remove_rc
                0x40202f4c       0x9b ./build/open_esplibs_libnet80211.a(wl_cnx.o)
                                 0x9f (size before relaxing)
                0x40202f50                sdk_cnx_remove_rc
 *fill*         0x40202fe7        0x1 
 .text.sdk_cnx_node_remove
                0x40202fe8       0x7c ./build/open_esplibs_libnet80211.a(wl_cnx.o)
                                 0x98 (size before relaxing)
                0x40202fe8                sdk_cnx_node_remove
 .text.sdk_cnx_node_search
                0x40203064       0x66 ./build/open_esplibs_libnet80211.a(wl_cnx.o)
                                 0x6e (size before relaxing)
                0x40203064                sdk_cnx_node_search
 *fill*         0x402030ca        0x2 
 .text.sdk_sta_status_set
                0x402030cc       0x42 ./build/open_esplibs_libnet80211.a(ieee80211_sta.o)
                                 0x46 (size before relaxing)
                0x402030cc                sdk_sta_status_set
 *fill*         0x4020310e        0x2 
 .text.sdk_wifi_station_start
                0x40203110       0xa7 ./build/open_esplibs_libnet80211.a(ieee80211_sta.o)
                                 0xdf (size before relaxing)
                0x40203120                sdk_wifi_station_start
 *fill*         0x402031b7        0x1 
 .text.sdk_wifi_station_stop
                0x402031b8       0x4b ./build/open_esplibs_libnet80211.a(ieee80211_sta.o)
                                 0x5b (size before relaxing)
                0x402031b8                sdk_wifi_station_stop
 *fill*         0x40203203        0x1 
 .text._ppz20   0x40203204        0x9 ./build/open_esplibs_libpp.a(pp.o)
                0x40203208                _ppz20
 *fill*         0x4020320d        0x3 
 .text.sdk_wpa_config_assoc_ie
                0x40203210       0x17 ./build/open_esplibs_libwpa.a(wpa_main.o)
                                 0x1b (size before relaxing)
                0x40203210                sdk_wpa_config_assoc_ie
 *fill*         0x40203227        0x1 
 .text.sdk_dhcp_bind_check
                0x40203228       0x22 ./build/open_esplibs_libwpa.a(wpa_main.o)
                                 0x26 (size before relaxing)
                0x40203228                sdk_dhcp_bind_check
 *fill*         0x4020324a        0x2 
 .text.wpa_callback2
                0x4020324c       0x33 ./build/open_esplibs_libwpa.a(wpa_main.o)
                                 0x47 (size before relaxing)
 *fill*         0x4020327f        0x1 
 .text.wpa_callback1
                0x40203280       0x1b ./build/open_esplibs_libwpa.a(wpa_main.o)
                                 0x23 (size before relaxing)
 *fill*         0x4020329b        0x1 
 .text.sdk_wpa_config_profile
                0x4020329c       0x49 ./build/open_esplibs_libwpa.a(wpa_main.o)
                                 0x58 (size before relaxing)
                0x4020329c                sdk_wpa_config_profile
 *fill*         0x402032e5        0x3 
 .text.sdk_wpa_config_bss
                0x402032e8       0x2f ./build/open_esplibs_libwpa.a(wpa_main.o)
                                 0x37 (size before relaxing)
                0x402032e8                sdk_wpa_config_bss
 *fill*         0x40203317        0x1 
 .text.sdk_eagle_auth_done
                0x40203318      0x109 ./build/open_esplibs_libwpa.a(wpa_main.o)
                                0x18c (size before relaxing)
                0x4020333c                sdk_eagle_auth_done
 *fill*         0x40203421        0x3 
 .text.sdk_wpa_neg_complete
                0x40203424        0xf ./build/open_esplibs_libwpa.a(wpa_main.o)
                                 0x17 (size before relaxing)
                0x40203424                sdk_wpa_neg_complete
 *fill*         0x40203433        0x1 
 .text.sdk_wpa_attach
                0x40203434       0x4f ./build/open_esplibs_libwpa.a(wpa_main.o)
                                 0x5f (size before relaxing)
                0x4020344c                sdk_wpa_attach
 *fill*         0x40203483        0x1 
 .text.prvResetNextTaskUnblockTime
                0x40203484       0x39 ./build/freertos.a(tasks.o)
 *fill*         0x402034bd        0x3 
 .text.prvAddCurrentTaskToDelayedList
                0x402034c0       0xa4 ./build/freertos.a(tasks.o)
                                 0xc4 (size before relaxing)
 .text.prvIdleTask
                0x40203564       0x97 ./build/freertos.a(tasks.o)
                                 0xb3 (size before relaxing)
 *fill*         0x402035fb        0x1 
 .text.xTaskCreate
                0x402035fc      0x24b ./build/freertos.a(tasks.o)
                                0x2d3 (size before relaxing)
                0x40203628                xTaskCreate
 *fill*         0x40203847        0x1 
 .text.vTaskDelete
                0x40203848       0xcd ./build/freertos.a(tasks.o)
                                0x121 (size before relaxing)
                0x4020384c                vTaskDelete
 *fill*         0x40203915        0x3 
 .text.vTaskStartScheduler
                0x40203918       0xa0 ./build/freertos.a(tasks.o)
                                 0xd3 (size before relaxing)
                0x40203930                vTaskStartScheduler
 *fill*         0x402039b8        0x0 
 .text.vTaskSuspendAll
                0x402039b8       0x11 ./build/freertos.a(tasks.o)
                                 0x15 (size before relaxing)
                0x402039b8                vTaskSuspendAll
 *fill*         0x402039c9        0x3 
 .text.xTaskGetTickCount
                0x402039cc       0x27 ./build/freertos.a(tasks.o)
                                 0x33 (size before relaxing)
                0x402039cc                xTaskGetTickCount
 *fill*         0x402039f3        0x1 
 .text.xTaskIncrementTick
                0x402039f4      0x194 ./build/freertos.a(tasks.o)
                                0x1cc (size before relaxing)
                0x40203a04                xTaskIncrementTick
 .text.xTaskResumeAll
                0x40203b88      0x105 ./build/freertos.a(tasks.o)
                                0x15d (size before relaxing)
                0x40203b8c                xTaskResumeAll
 *fill*         0x40203c8d        0x3 
 .text.vTaskDelayUntil
                0x40203c90       0x9e ./build/freertos.a(tasks.o)
                                 0xca (size before relaxing)
                0x40203c90                vTaskDelayUntil
 *fill*         0x40203d2e        0x2 
 .text.vTaskDelay
                0x40203d30       0x50 ./build/freertos.a(tasks.o)
                                 0x74 (size before relaxing)
                0x40203d30                vTaskDelay
 .text.vTaskSwitchContext
                0x40203d80       0xea ./build/freertos.a(tasks.o)
                                0x10a (size before relaxing)
                0x40203d8c                vTaskSwitchContext
 *fill*         0x40203e6a        0x2 
 .text.vTaskPlaceOnEventList
                0x40203e6c       0x41 ./build/freertos.a(tasks.o)
                                 0x5d (size before relaxing)
                0x40203e70                vTaskPlaceOnEventList
 *fill*         0x40203ead        0x3 
 .text.vTaskPlaceOnEventListRestricted
                0x40203eb0       0x4a ./build/freertos.a(tasks.o)
                                 0x66 (size before relaxing)
                0x40203eb4                vTaskPlaceOnEventListRestricted
 *fill*         0x40203efa        0x2 
 .text.xTaskRemoveFromEventList
                0x40203efc       0x87 ./build/freertos.a(tasks.o)
                                 0xcb (size before relaxing)
                0x40203f00                xTaskRemoveFromEventList
 *fill*         0x40203f83        0x1 
 .text.vTaskInternalSetTimeOutState
                0x40203f84       0x16 ./build/freertos.a(tasks.o)
                                 0x1e (size before relaxing)
                0x40203f84                vTaskInternalSetTimeOutState
 *fill*         0x40203f9a        0x2 
 .text.xTaskCheckForTimeOut
                0x40203f9c       0x99 ./build/freertos.a(tasks.o)
                                 0xb9 (size before relaxing)
                0x40203fa4                xTaskCheckForTimeOut
 *fill*         0x40204035        0x3 
 .text.vTaskMissedYield
                0x40204038        0xc ./build/freertos.a(tasks.o)
                                 0x10 (size before relaxing)
                0x40204038                vTaskMissedYield
 .text.uxTaskGetStackHighWaterMark
                0x40204044       0x2c ./build/freertos.a(tasks.o)
                                 0x30 (size before relaxing)
                0x40204044                uxTaskGetStackHighWaterMark
 .text.xTaskGetCurrentTaskHandle
                0x40204070        0xa ./build/freertos.a(tasks.o)
                                  0xe (size before relaxing)
                0x40204070                xTaskGetCurrentTaskHandle
 *fill*         0x4020407a        0x2 
 .text.xTaskGetSchedulerState
                0x4020407c       0x1e ./build/freertos.a(tasks.o)
                                 0x26 (size before relaxing)
                0x4020407c                xTaskGetSchedulerState
 *fill*         0x4020409a        0x2 
 .text.xTaskPriorityInherit
                0x4020409c       0xad ./build/freertos.a(tasks.o)
                                 0xc5 (size before relaxing)
                0x4020409c                xTaskPriorityInherit
 *fill*         0x40204149        0x3 
 .text.xTaskPriorityDisinherit
                0x4020414c       0x92 ./build/freertos.a(tasks.o)
                                 0xba (size before relaxing)
                0x40204154                xTaskPriorityDisinherit
 *fill*         0x402041de        0x2 
 .text.vTaskPriorityDisinheritAfterTimeout
                0x402041e0       0xb3 ./build/freertos.a(tasks.o)
                                 0xd3 (size before relaxing)
                0x402041e8                vTaskPriorityDisinheritAfterTimeout
 *fill*         0x40204293        0x1 
 .text.pvTaskIncrementMutexHeldCount
                0x40204294       0x1f ./build/freertos.a(tasks.o)
                                 0x23 (size before relaxing)
                0x40204294                pvTaskIncrementMutexHeldCount
 *fill*         0x402042b3        0x1 
 .text.xTaskNotifyWait
                0x402042b4       0xdf ./build/freertos.a(tasks.o)
                                 0xff (size before relaxing)
                0x402042b4                xTaskNotifyWait
 *fill*         0x40204393        0x1 
 .text.xTaskGenericNotifyFromISR
                0x40204394      0x139 ./build/freertos.a(tasks.o)
                                0x17d (size before relaxing)
                0x402043a0                xTaskGenericNotifyFromISR
 *fill*         0x402044cd        0x3 
 .text.prvCheckForValidListAndQueue
                0x402044d0       0x69 ./build/freertos.a(timers.o)
                                 0x89 (size before relaxing)
 *fill*         0x40204539        0x3 
 .text.prvInsertTimerInActiveList
                0x4020453c       0x45 ./build/freertos.a(timers.o)
                                 0x59 (size before relaxing)
 *fill*         0x40204581        0x3 
 .text.xTimerCreateTimerTask
                0x40204584       0x49 ./build/freertos.a(timers.o)
                                 0x61 (size before relaxing)
                0x40204594                xTimerCreateTimerTask
 *fill*         0x402045cd        0x3 
 .text.xTimerCreate
                0x402045d0       0x59 ./build/freertos.a(timers.o)
                                 0x75 (size before relaxing)
                0x402045d0                xTimerCreate
 *fill*         0x40204629        0x3 
 .text.xTimerGenericCommand
                0x4020462c       0x7f ./build/freertos.a(timers.o)
                                 0x9f (size before relaxing)
                0x4020462c                xTimerGenericCommand
 *fill*         0x402046ab        0x1 
 .text.prvSwitchTimerLists
                0x402046ac       0x80 ./build/freertos.a(timers.o)
                                 0xa6 (size before relaxing)
 *fill*         0x4020472c        0x0 
 .text.prvTimerTask
                0x4020472c      0x1bb ./build/freertos.a(timers.o)
                                0x253 (size before relaxing)
 *fill*         0x402048e7        0x1 
 .text.pvTimerGetTimerID
                0x402048e8       0x2d ./build/freertos.a(timers.o)
                                 0x41 (size before relaxing)
                0x402048e8                pvTimerGetTimerID
 *fill*         0x40204915        0x3 
 .text.vAssertCalled
                0x40204918       0x22 ./build/freertos.a(port.o)
                                 0x26 (size before relaxing)
                0x40204920                vAssertCalled
 *fill*         0x4020493a        0x2 
 .text.pxPortInitialiseStack
                0x4020493c       0x37 ./build/freertos.a(port.o)
                0x40204940                pxPortInitialiseStack
 *fill*         0x40204973        0x1 
 .text.xPortSysTickHandle
                0x40204974       0x14 ./build/freertos.a(port.o)
                                 0x23 (size before relaxing)
                0x40204974                xPortSysTickHandle
 *fill*         0x40204988        0x0 
 .text.xPortStartScheduler
                0x40204988       0x7e ./build/freertos.a(port.o)
                                 0x8e (size before relaxing)
                0x4020499c                xPortStartScheduler
 *fill*         0x40204a06        0x2 
 .text.xPortGetFreeHeapSize
                0x40204a08       0x28 ./build/freertos.a(port.o)
                                 0x38 (size before relaxing)
                0x40204a08                xPortGetFreeHeapSize
 .text.xTaskGenericCreate
                0x40204a30       0x15 ./build/freertos.a(port.o)
                                 0x19 (size before relaxing)
                0x40204a30                xTaskGenericCreate
 *fill*         0x40204a45        0x3 
 .text.xQueueGenericReceive
                0x40204a48       0x1e ./build/freertos.a(port.o)
                                 0x2d (size before relaxing)
                0x40204a4c                xQueueGenericReceive
 *fill*         0x40204a66        0x2 
 .text.prvCopyDataToQueue
                0x40204a68       0xa7 ./build/freertos.a(queue.o)
                                 0xb3 (size before relaxing)
 *fill*         0x40204b0f        0x1 
 .text.prvCopyDataFromQueue
                0x40204b10       0x2b ./build/freertos.a(queue.o)
                                 0x2f (size before relaxing)
 *fill*         0x40204b3b        0x1 
 .text.prvUnlockQueue
                0x40204b3c       0xc4 ./build/freertos.a(queue.o)
                                 0xec (size before relaxing)
 .text.xQueueGenericReset
                0x40204c00       0x91 ./build/freertos.a(queue.o)
                                 0xb5 (size before relaxing)
                0x40204c04                xQueueGenericReset
 *fill*         0x40204c91        0x3 
 .text.xQueueGenericCreate
                0x40204c94       0x6c ./build/freertos.a(queue.o)
                                 0x80 (size before relaxing)
                0x40204c94                xQueueGenericCreate
 .text.xQueueGenericSend
                0x40204d00      0x183 ./build/freertos.a(queue.o)
                                0x21f (size before relaxing)
                0x40204d00                xQueueGenericSend
 *fill*         0x40204e83        0x1 
 .text.xQueueCreateMutex
                0x40204e84       0x31 ./build/freertos.a(queue.o)
                                 0x3d (size before relaxing)
                0x40204e84                xQueueCreateMutex
 *fill*         0x40204eb5        0x3 
 .text.xQueueGiveMutexRecursive
                0x40204eb8       0x4b ./build/freertos.a(queue.o)
                                 0x5f (size before relaxing)
                0x40204eb8                xQueueGiveMutexRecursive
 *fill*         0x40204f03        0x1 
 .text.xQueueGenericSendFromISR
                0x40204f04       0xc3 ./build/freertos.a(queue.o)
                                 0xf3 (size before relaxing)
                0x40204f04                xQueueGenericSendFromISR
 *fill*         0x40204fc7        0x1 
 .text.xQueueReceive
                0x40204fc8      0x179 ./build/freertos.a(queue.o)
                                0x215 (size before relaxing)
                0x40204fc8                xQueueReceive
 *fill*         0x40205141        0x3 
 .text.xQueueSemaphoreTake
                0x40205144      0x1d4 ./build/freertos.a(queue.o)
                                0x28c (size before relaxing)
                0x40205144                xQueueSemaphoreTake
 .text.xQueueTakeMutexRecursive
                0x40205318       0x53 ./build/freertos.a(queue.o)
                                 0x63 (size before relaxing)
                0x40205318                xQueueTakeMutexRecursive
 *fill*         0x4020536b        0x1 
 .text.uxQueueMessagesWaiting
                0x4020536c       0x30 ./build/freertos.a(queue.o)
                                 0x44 (size before relaxing)
                0x4020536c                uxQueueMessagesWaiting
 .text.uxQueueMessagesWaitingFromISR
                0x4020539c       0x26 ./build/freertos.a(queue.o)
                                 0x2e (size before relaxing)
                0x4020539c                uxQueueMessagesWaitingFromISR
 *fill*         0x402053c2        0x2 
 .text.vQueueDelete
                0x402053c4       0x29 ./build/freertos.a(queue.o)
                                 0x35 (size before relaxing)
                0x402053c4                vQueueDelete
 *fill*         0x402053ed        0x3 
 .text.vQueueWaitForMessageRestricted
                0x402053f0       0x6f ./build/freertos.a(queue.o)
                                 0x7f (size before relaxing)
                0x402053f0                vQueueWaitForMessageRestricted
 *fill*         0x4020545f        0x1 
 .text.sys_sem_new
                0x40205460       0x41 ./build/lwip.a(sys_arch.o)
                                 0x4d (size before relaxing)
                0x40205460                sys_sem_new
 *fill*         0x402054a1        0x3 
 .text.sys_sem_free
                0x402054a4       0x1e ./build/lwip.a(sys_arch.o)
                                 0x22 (size before relaxing)
                0x402054a4                sys_sem_free
 *fill*         0x402054c2        0x2 
 .text.sys_sem_signal
                0x402054c4       0x17 ./build/lwip.a(sys_arch.o)
                                 0x1f (size before relaxing)
                0x402054c4                sys_sem_signal
 *fill*         0x402054db        0x1 
 .text.sys_arch_sem_wait
                0x402054dc       0x4c ./build/lwip.a(sys_arch.o)
                                 0x58 (size before relaxing)
                0x402054dc                sys_arch_sem_wait
 .text.sys_mutex_new
                0x40205528       0x2b ./build/lwip.a(sys_arch.o)
                                 0x2f (size before relaxing)
                0x40205528                sys_mutex_new
 *fill*         0x40205553        0x1 
 .text.sys_mbox_new
                0x40205554       0x2f ./build/lwip.a(sys_arch.o)
                                 0x33 (size before relaxing)
                0x40205554                sys_mbox_new
 *fill*         0x40205583        0x1 
 .text.sys_mbox_free
                0x40205584       0x31 ./build/lwip.a(sys_arch.o)
                                 0x41 (size before relaxing)
                0x40205588                sys_mbox_free
 *fill*         0x402055b5        0x3 
 .text.sys_mbox_trypost
                0x402055b8       0x2b ./build/lwip.a(sys_arch.o)
                                 0x2f (size before relaxing)
                0x402055b8                sys_mbox_trypost
 *fill*         0x402055e3        0x1 
 .text.sys_arch_mbox_fetch
                0x402055e4       0x4c ./build/lwip.a(sys_arch.o)
                                 0x60 (size before relaxing)
                0x402055e4                sys_arch_mbox_fetch
 .text.sys_arch_mbox_tryfetch
                0x40205630       0x2f ./build/lwip.a(sys_arch.o)
                                 0x33 (size before relaxing)
                0x40205630                sys_arch_mbox_tryfetch
 *fill*         0x4020565f        0x1 
 .text.sys_now  0x40205660       0x15 ./build/lwip.a(sys_arch.o)
                                 0x1d (size before relaxing)
                0x40205660                sys_now
 *fill*         0x40205675        0x3 
 .text.sys_thread_new
                0x40205678       0x2a ./build/lwip.a(sys_arch.o)
                                 0x2e (size before relaxing)
                0x40205678                sys_thread_new
 *fill*         0x402056a2        0x2 
 .text.sys_arch_protect
                0x402056a4       0x20 ./build/lwip.a(sys_arch.o)
                                 0x24 (size before relaxing)
                0x402056a8                sys_arch_protect
 .text.sys_arch_unprotect
                0x402056c4       0x2d ./build/lwip.a(sys_arch.o)
                                 0x39 (size before relaxing)
                0x402056c8                sys_arch_unprotect
 *fill*         0x402056f1        0x3 
 .text.sys_lock_tcpip_core
                0x402056f4       0x43 ./build/lwip.a(sys_arch.o)
                                 0x4f (size before relaxing)
                0x40205700                sys_lock_tcpip_core
 *fill*         0x40205737        0x1 
 .text.sys_unlock_tcpip_core
                0x40205738       0x2b ./build/lwip.a(sys_arch.o)
                                 0x3f (size before relaxing)
                0x40205738                sys_unlock_tcpip_core
 *fill*         0x40205763        0x1 
 .text.sys_mark_tcpip_thread
                0x40205764       0x18 ./build/lwip.a(sys_arch.o)
                                 0x20 (size before relaxing)
                0x40205768                sys_mark_tcpip_thread
 .text.sys_check_core_locking
                0x4020577c       0x31 ./build/lwip.a(sys_arch.o)
                                 0x4c (size before relaxing)
                0x40205780                sys_check_core_locking
 *fill*         0x402057ad        0x3 
 .text.low_level_output
                0x402057b0       0x5e ./build/lwip.a(esp_interface.o)
                                 0x7a (size before relaxing)
 *fill*         0x4020580e        0x2 
 .text.pp_recycle_rx_pbuf
                0x40205810       0x38 ./build/lwip.a(esp_interface.o)
                                 0x44 (size before relaxing)
                0x40205814                pp_recycle_rx_pbuf
 .text.ooseq_bytes_limit
                0x40205848        0x9 ./build/lwip.a(esp_interface.o)
                0x4020584c                ooseq_bytes_limit
 *fill*         0x40205851        0x3 
 .text.ooseq_pbufs_limit
                0x40205854       0x41 ./build/lwip.a(esp_interface.o)
                                 0x49 (size before relaxing)
                0x40205854                ooseq_pbufs_limit
 *fill*         0x40205895        0x3 
 .text.ethernetif_input
                0x40205898       0x87 ./build/lwip.a(esp_interface.o)
                                 0x9e (size before relaxing)
                0x402058a4                ethernetif_input
 *fill*         0x4020591f        0x1 
 .text.sdk_pbuf_alloc
                0x40205920       0x33 ./build/lwip.a(esp_interface.o)
                                 0x3b (size before relaxing)
                0x40205920                sdk_pbuf_alloc
 *fill*         0x40205953        0x1 
 .text.ethernetif_init
                0x40205954       0x34 ./build/lwip.a(esp_interface.o)
                0x4020595c                ethernetif_init
 .text.tcpip_thread
                0x40205988       0xb7 ./build/lwip.a(tcpip.o)
                                0x10b (size before relaxing)
 *fill*         0x40205a3f        0x1 
 .text.tcpip_inpkt
                0x40205a40       0x5b ./build/lwip.a(tcpip.o)
                                 0x77 (size before relaxing)
                0x40205a40                tcpip_inpkt
 *fill*         0x40205a9b        0x1 
 .text.tcpip_input
                0x40205a9c       0x34 ./build/lwip.a(tcpip.o)
                                 0x43 (size before relaxing)
                0x40205aa4                tcpip_input
 *fill*         0x40205ad0        0x0 
 .text.tcpip_try_callback
                0x40205ad0       0x51 ./build/lwip.a(tcpip.o)
                                 0x6d (size before relaxing)
                0x40205ad0                tcpip_try_callback
 *fill*         0x40205b21        0x3 
 .text.tcpip_send_msg_wait_sem
                0x40205b24       0x25 ./build/lwip.a(tcpip.o)
                                 0x35 (size before relaxing)
                0x40205b24                tcpip_send_msg_wait_sem
 *fill*         0x40205b49        0x3 
 .text.tcpip_init
                0x40205b4c       0x4c ./build/lwip.a(tcpip.o)
                                 0x78 (size before relaxing)
                0x40205b54                tcpip_init
 .text.mem_malloc
                0x40205b98       0x25 ./build/lwip.a(mem.o)
                                 0x35 (size before relaxing)
                0x40205b98                mem_malloc
 *fill*         0x40205bbd        0x3 
 .text.mem_free
                0x40205bc0       0x13 ./build/lwip.a(mem.o)
                                 0x17 (size before relaxing)
                0x40205bc0                mem_free
 *fill*         0x40205bd3        0x1 
 .text.lwip_init
                0x40205bd4       0x27 ./build/lwip.a(init.o)
                                 0x67 (size before relaxing)
                0x40205bd4                lwip_init
 *fill*         0x40205bfb        0x1 
 .text.do_memp_malloc_pool
                0x40205bfc       0x29 ./build/lwip.a(memp.o)
                                 0x3d (size before relaxing)
 *fill*         0x40205c25        0x3 
 .text.memp_malloc
                0x40205c28       0x27 ./build/lwip.a(memp.o)
                                 0x2b (size before relaxing)
                0x40205c2c                memp_malloc
 *fill*         0x40205c4f        0x1 
 .text.memp_free
                0x40205c50       0x23 ./build/lwip.a(memp.o)
                                 0x37 (size before relaxing)
                0x40205c50                memp_free
 *fill*         0x40205c73        0x1 
 .text.tcp_new_port
                0x40205c74       0x64 ./build/lwip.a(tcp.o)
 .text.tcp_init
                0x40205cd8       0x23 ./build/lwip.a(tcp.o)
                                 0x27 (size before relaxing)
                0x40205cdc                tcp_init
 *fill*         0x40205cfb        0x1 
 .text.tcp_free
                0x40205cfc       0x13 ./build/lwip.a(tcp.o)
                                 0x1b (size before relaxing)
                0x40205cfc                tcp_free
 *fill*         0x40205d0f        0x1 
 .text.tcp_backlog_accepted
                0x40205d10       0x35 ./build/lwip.a(tcp.o)
                                 0x3d (size before relaxing)
                0x40205d10                tcp_backlog_accepted
 *fill*         0x40205d45        0x3 
 .text.tcp_close_shutdown_fin
                0x40205d48       0x84 ./build/lwip.a(tcp.o)
                                 0x9c (size before relaxing)
 .text.tcp_update_rcv_ann_wnd
                0x40205dcc       0x46 ./build/lwip.a(tcp.o)
                0x40205dd0                tcp_update_rcv_ann_wnd
 *fill*         0x40205e12        0x2 
 .text.tcp_recved
                0x40205e14       0x60 ./build/lwip.a(tcp.o)
                                 0x70 (size before relaxing)
                0x40205e18                tcp_recved
 .text.tcp_connect
                0x40205e74      0x1bf ./build/lwip.a(tcp.o)
                                0x1f3 (size before relaxing)
                0x40205e8c                tcp_connect
 *fill*         0x40206033        0x1 
 .text.tcp_seg_free
                0x40206034       0x26 ./build/lwip.a(tcp.o)
                                 0x31 (size before relaxing)
                0x40206034                tcp_seg_free
 *fill*         0x4020605a        0x2 
 .text.tcp_segs_free
                0x4020605c       0x21 ./build/lwip.a(tcp.o)
                                 0x25 (size before relaxing)
                0x4020605c                tcp_segs_free
 *fill*         0x4020607d        0x3 
 .text.tcp_seg_copy
                0x40206080       0x33 ./build/lwip.a(tcp.o)
                                 0x43 (size before relaxing)
                0x40206080                tcp_seg_copy
 *fill*         0x402060b3        0x1 
 .text.tcp_arg  0x402060b4       0x1f ./build/lwip.a(tcp.o)
                                 0x27 (size before relaxing)
                0x402060b4                tcp_arg
 *fill*         0x402060d3        0x1 
 .text.tcp_recv
                0x402060d4       0x20 ./build/lwip.a(tcp.o)
                                 0x28 (size before relaxing)
                0x402060d4                tcp_recv
 .text.tcp_sent
                0x402060f4       0x20 ./build/lwip.a(tcp.o)
                                 0x28 (size before relaxing)
                0x402060f4                tcp_sent
 .text.tcp_err  0x40206114       0x20 ./build/lwip.a(tcp.o)
                                 0x28 (size before relaxing)
                0x40206114                tcp_err
 .text.tcp_accept
                0x40206134       0x24 ./build/lwip.a(tcp.o)
                                 0x2c (size before relaxing)
                0x40206134                tcp_accept
 .text.tcp_poll
                0x40206158       0x2b ./build/lwip.a(tcp.o)
                                 0x2f (size before relaxing)
                0x40206158                tcp_poll
 *fill*         0x40206183        0x1 
 .text.tcp_next_iss
                0x40206184       0x10 ./build/lwip.a(tcp.o)
                                 0x18 (size before relaxing)
                0x40206184                tcp_next_iss
 .text.tcp_free_ooseq
                0x40206194       0x3b ./build/lwip.a(tcp.o)
                                 0x43 (size before relaxing)
                0x40206194                tcp_free_ooseq
 *fill*         0x402061cf        0x1 
 .text.tcp_pcb_purge
                0x402061d0       0x7d ./build/lwip.a(tcp.o)
                                 0x99 (size before relaxing)
                0x402061d0                tcp_pcb_purge
 *fill*         0x4020624d        0x3 
 .text.tcp_pcb_remove
                0x40206250       0x6c ./build/lwip.a(tcp.o)
                                 0x78 (size before relaxing)
                0x40206250                tcp_pcb_remove
 .text.tcp_abandon
                0x402062bc      0x11c ./build/lwip.a(tcp.o)
                                0x160 (size before relaxing)
                0x402062c0                tcp_abandon
 .text.tcp_abort
                0x402063d8       0x14 ./build/lwip.a(tcp.o)
                                 0x18 (size before relaxing)
                0x402063d8                tcp_abort
 .text.tcp_kill_timewait
                0x402063ec       0x42 ./build/lwip.a(tcp.o)
                                 0x4e (size before relaxing)
 *fill*         0x4020642e        0x2 
 .text.tcp_netif_ip_addr_changed_pcblist
                0x40206430       0x35 ./build/lwip.a(tcp.o)
                                 0x39 (size before relaxing)
 *fill*         0x40206465        0x3 
 .text.tcp_netif_ip_addr_changed
                0x40206468       0x55 ./build/lwip.a(tcp.o)
                                 0x69 (size before relaxing)
                0x4020646c                tcp_netif_ip_addr_changed
 *fill*         0x402064bd        0x3 
 .text.tcp_kill_state
                0x402064c0       0x3c ./build/lwip.a(tcp.o)
                                 0x48 (size before relaxing)
 .text.tcp_alloc
                0x402064fc      0x17e ./build/lwip.a(tcp.o)
                                0x1e6 (size before relaxing)
                0x40206510                tcp_alloc
 *fill*         0x4020667a        0x2 
 .text.tcp_new_ip_type
                0x4020667c       0x14 ./build/lwip.a(tcp.o)
                                 0x18 (size before relaxing)
                0x4020667c                tcp_new_ip_type
 .text.tcp_close_shutdown
                0x40206690      0x18b ./build/lwip.a(tcp.o)
                                0x1d3 (size before relaxing)
 *fill*         0x4020681b        0x1 
 .text.tcp_close
                0x4020681c       0x2e ./build/lwip.a(tcp.o)
                                 0x3a (size before relaxing)
                0x4020681c                tcp_close
 *fill*         0x4020684a        0x2 
 .text.tcp_recv_null
                0x4020684c       0x3d ./build/lwip.a(tcp.o)
                                 0x4d (size before relaxing)
                0x4020684c                tcp_recv_null
 *fill*         0x40206889        0x3 
 .text.tcp_process_refused_data
                0x4020688c       0x97 ./build/lwip.a(tcp.o)
                                 0xa3 (size before relaxing)
                0x4020688c                tcp_process_refused_data
 *fill*         0x40206923        0x1 
 .text.tcp_fasttmr
                0x40206924       0x93 ./build/lwip.a(tcp.o)
                                 0xb3 (size before relaxing)
                0x40206924                tcp_fasttmr
 *fill*         0x402069b7        0x1 
 .text.tcp_shutdown
                0x402069b8       0x7d ./build/lwip.a(tcp.o)
                                 0x99 (size before relaxing)
                0x402069b8                tcp_shutdown
 *fill*         0x40206a35        0x3 
 .text.tcp_slowtmr
                0x40206a38      0x39b ./build/lwip.a(tcp.o)
                                0x403 (size before relaxing)
                0x40206a48                tcp_slowtmr
 *fill*         0x40206dd3        0x1 
 .text.tcp_tmr  0x40206dd4       0x27 ./build/lwip.a(tcp.o)
                                 0x37 (size before relaxing)
                0x40206dd8                tcp_tmr
 *fill*         0x40206dfb        0x1 
 .text.sys_timeout_abs
                0x40206dfc       0x66 ./build/lwip.a(timeouts.o)
                                 0x6e (size before relaxing)
 *fill*         0x40206e62        0x2 
 .text.lwip_cyclic_timer
                0x40206e64       0x31 ./build/lwip.a(timeouts.o)
                                 0x39 (size before relaxing)
 *fill*         0x40206e95        0x3 
 .text.sys_timeouts_init
                0x40206e98       0x5e ./build/lwip.a(timeouts.o)
                                 0x72 (size before relaxing)
                0x40206ea0                sys_timeouts_init
 *fill*         0x40206ef6        0x2 
 .text.sys_timeout
                0x40206ef8       0x27 ./build/lwip.a(timeouts.o)
                                 0x3b (size before relaxing)
                0x40206ef8                sys_timeout